<?xml version="1.0"?>
<link_info>
   <banner>TI ARM Linker PC v15.9.0.STS</banner>
   <copyright>Copyright (c) 1996-2015 Texas Instruments Incorporated</copyright>
   <link_time>0x56f7c700</link_time>
   <link_errors>0x0</link_errors>
   <output_file>http_client_demo.out</output_file>
   <entry_point>
      <name>_c_int00</name>
      <address>0x2000e02d</address>
   </entry_point>
   <input_file_list>
      <input_file id="fl-2">
         <path>.\</path>
         <kind>object</kind>
         <file>BlynkHandlers.obj</file>
         <name>BlynkHandlers.obj</name>
      </input_file>
      <input_file id="fl-3">
         <path>.\</path>
         <kind>object</kind>
         <file>blynk.obj</file>
         <name>blynk.obj</name>
      </input_file>
      <input_file id="fl-4">
         <path>.\</path>
         <kind>object</kind>
         <file>blynkDependency.obj</file>
         <name>blynkDependency.obj</name>
      </input_file>
      <input_file id="fl-5">
         <path>.\</path>
         <kind>object</kind>
         <file>gpio_if.obj</file>
         <name>gpio_if.obj</name>
      </input_file>
      <input_file id="fl-6">
         <path>.\</path>
         <kind>object</kind>
         <file>main.obj</file>
         <name>main.obj</name>
      </input_file>
      <input_file id="fl-7">
         <path>.\</path>
         <kind>object</kind>
         <file>pinmux.obj</file>
         <name>pinmux.obj</name>
      </input_file>
      <input_file id="fl-8">
         <path>.\</path>
         <kind>object</kind>
         <file>startup_ccs.obj</file>
         <name>startup_ccs.obj</name>
      </input_file>
      <input_file id="fl-9">
         <path>.\</path>
         <kind>object</kind>
         <file>timer_if.obj</file>
         <name>timer_if.obj</name>
      </input_file>
      <input_file id="fl-a">
         <path>.\</path>
         <kind>object</kind>
         <file>uart_if.obj</file>
         <name>uart_if.obj</name>
      </input_file>
      <input_file id="fl-c8">
         <path>C:\ti\ccsv6\tools\compiler\ti-cgt-arm_15.9.0.STS\lib\</path>
         <kind>archive</kind>
         <file>rtsv7M4_T_le_eabi.lib</file>
         <name>boot.obj</name>
      </input_file>
      <input_file id="fl-c9">
         <path>C:\ti\ccsv6\tools\compiler\ti-cgt-arm_15.9.0.STS\lib\</path>
         <kind>archive</kind>
         <file>rtsv7M4_T_le_eabi.lib</file>
         <name>copy_decompress_none.obj</name>
      </input_file>
      <input_file id="fl-ca">
         <path>C:\ti\ccsv6\tools\compiler\ti-cgt-arm_15.9.0.STS\lib\</path>
         <kind>archive</kind>
         <file>rtsv7M4_T_le_eabi.lib</file>
         <name>copy_decompress_rle.obj</name>
      </input_file>
      <input_file id="fl-cb">
         <path>C:\ti\ccsv6\tools\compiler\ti-cgt-arm_15.9.0.STS\lib\</path>
         <kind>archive</kind>
         <file>rtsv7M4_T_le_eabi.lib</file>
         <name>copy_zero_init.obj</name>
      </input_file>
      <input_file id="fl-cc">
         <path>C:\ti\ccsv6\tools\compiler\ti-cgt-arm_15.9.0.STS\lib\</path>
         <kind>archive</kind>
         <file>rtsv7M4_T_le_eabi.lib</file>
         <name>exit.obj</name>
      </input_file>
      <input_file id="fl-cd">
         <path>C:\ti\ccsv6\tools\compiler\ti-cgt-arm_15.9.0.STS\lib\</path>
         <kind>archive</kind>
         <file>rtsv7M4_T_le_eabi.lib</file>
         <name>fd_div_t2.obj</name>
      </input_file>
      <input_file id="fl-ce">
         <path>C:\ti\ccsv6\tools\compiler\ti-cgt-arm_15.9.0.STS\lib\</path>
         <kind>archive</kind>
         <file>rtsv7M4_T_le_eabi.lib</file>
         <name>fd_tos_t2.obj</name>
      </input_file>
      <input_file id="fl-cf">
         <path>C:\ti\ccsv6\tools\compiler\ti-cgt-arm_15.9.0.STS\lib\</path>
         <kind>archive</kind>
         <file>rtsv7M4_T_le_eabi.lib</file>
         <name>fs_div_t2.obj</name>
      </input_file>
      <input_file id="fl-d0">
         <path>C:\ti\ccsv6\tools\compiler\ti-cgt-arm_15.9.0.STS\lib\</path>
         <kind>archive</kind>
         <file>rtsv7M4_T_le_eabi.lib</file>
         <name>fs_mul_t2.obj</name>
      </input_file>
      <input_file id="fl-d1">
         <path>C:\ti\ccsv6\tools\compiler\ti-cgt-arm_15.9.0.STS\lib\</path>
         <kind>archive</kind>
         <file>rtsv7M4_T_le_eabi.lib</file>
         <name>fs_tod_t2.obj</name>
      </input_file>
      <input_file id="fl-d2">
         <path>C:\ti\ccsv6\tools\compiler\ti-cgt-arm_15.9.0.STS\lib\</path>
         <kind>archive</kind>
         <file>rtsv7M4_T_le_eabi.lib</file>
         <name>i_tofd_t2.obj</name>
      </input_file>
      <input_file id="fl-d3">
         <path>C:\ti\ccsv6\tools\compiler\ti-cgt-arm_15.9.0.STS\lib\</path>
         <kind>archive</kind>
         <file>rtsv7M4_T_le_eabi.lib</file>
         <name>i_tofs_t2.obj</name>
      </input_file>
      <input_file id="fl-d4">
         <path>C:\ti\ccsv6\tools\compiler\ti-cgt-arm_15.9.0.STS\lib\</path>
         <kind>archive</kind>
         <file>rtsv7M4_T_le_eabi.lib</file>
         <name>memcpy_t2.obj</name>
      </input_file>
      <input_file id="fl-d5">
         <path>C:\ti\ccsv6\tools\compiler\ti-cgt-arm_15.9.0.STS\lib\</path>
         <kind>archive</kind>
         <file>rtsv7M4_T_le_eabi.lib</file>
         <name>memmov.obj</name>
      </input_file>
      <input_file id="fl-d6">
         <path>C:\ti\ccsv6\tools\compiler\ti-cgt-arm_15.9.0.STS\lib\</path>
         <kind>archive</kind>
         <file>rtsv7M4_T_le_eabi.lib</file>
         <name>memory.obj</name>
      </input_file>
      <input_file id="fl-d7">
         <path>C:\ti\ccsv6\tools\compiler\ti-cgt-arm_15.9.0.STS\lib\</path>
         <kind>archive</kind>
         <file>rtsv7M4_T_le_eabi.lib</file>
         <name>memset_t2.obj</name>
      </input_file>
      <input_file id="fl-d8">
         <path>C:\ti\ccsv6\tools\compiler\ti-cgt-arm_15.9.0.STS\lib\</path>
         <kind>archive</kind>
         <file>rtsv7M4_T_le_eabi.lib</file>
         <name>pre_init.obj</name>
      </input_file>
      <input_file id="fl-d9">
         <path>C:\ti\ccsv6\tools\compiler\ti-cgt-arm_15.9.0.STS\lib\</path>
         <kind>archive</kind>
         <file>rtsv7M4_T_le_eabi.lib</file>
         <name>printf.obj</name>
      </input_file>
      <input_file id="fl-da">
         <path>C:\ti\ccsv6\tools\compiler\ti-cgt-arm_15.9.0.STS\lib\</path>
         <kind>archive</kind>
         <file>rtsv7M4_T_le_eabi.lib</file>
         <name>sprintf.obj</name>
      </input_file>
      <input_file id="fl-db">
         <path>C:\ti\ccsv6\tools\compiler\ti-cgt-arm_15.9.0.STS\lib\</path>
         <kind>archive</kind>
         <file>rtsv7M4_T_le_eabi.lib</file>
         <name>stkdepth_vars.obj</name>
      </input_file>
      <input_file id="fl-dc">
         <path>C:\ti\ccsv6\tools\compiler\ti-cgt-arm_15.9.0.STS\lib\</path>
         <kind>archive</kind>
         <file>rtsv7M4_T_le_eabi.lib</file>
         <name>strcmp.obj</name>
      </input_file>
      <input_file id="fl-dd">
         <path>C:\ti\ccsv6\tools\compiler\ti-cgt-arm_15.9.0.STS\lib\</path>
         <kind>archive</kind>
         <file>rtsv7M4_T_le_eabi.lib</file>
         <name>strlen.obj</name>
      </input_file>
      <input_file id="fl-de">
         <path>C:\ti\ccsv6\tools\compiler\ti-cgt-arm_15.9.0.STS\lib\</path>
         <kind>archive</kind>
         <file>rtsv7M4_T_le_eabi.lib</file>
         <name>vsnprintf.obj</name>
      </input_file>
      <input_file id="fl-df">
         <path>C:\ti\ccsv6\tools\compiler\ti-cgt-arm_15.9.0.STS\lib\</path>
         <kind>archive</kind>
         <file>rtsv7M4_T_le_eabi.lib</file>
         <name>_lock.obj</name>
      </input_file>
      <input_file id="fl-e0">
         <path>C:\ti\ccsv6\tools\compiler\ti-cgt-arm_15.9.0.STS\lib\</path>
         <kind>archive</kind>
         <file>rtsv7M4_T_le_eabi.lib</file>
         <name>_printfi.obj</name>
      </input_file>
      <input_file id="fl-e1">
         <path>C:\ti\ccsv6\tools\compiler\ti-cgt-arm_15.9.0.STS\lib\</path>
         <kind>archive</kind>
         <file>rtsv7M4_T_le_eabi.lib</file>
         <name>args_main.obj</name>
      </input_file>
      <input_file id="fl-e2">
         <path>C:\ti\ccsv6\tools\compiler\ti-cgt-arm_15.9.0.STS\lib\</path>
         <kind>archive</kind>
         <file>rtsv7M4_T_le_eabi.lib</file>
         <name>atoi.obj</name>
      </input_file>
      <input_file id="fl-e3">
         <path>C:\ti\ccsv6\tools\compiler\ti-cgt-arm_15.9.0.STS\lib\</path>
         <kind>archive</kind>
         <file>rtsv7M4_T_le_eabi.lib</file>
         <name>autoinit.obj</name>
      </input_file>
      <input_file id="fl-e4">
         <path>C:\ti\ccsv6\tools\compiler\ti-cgt-arm_15.9.0.STS\lib\</path>
         <kind>archive</kind>
         <file>rtsv7M4_T_le_eabi.lib</file>
         <name>cpy_tbl.obj</name>
      </input_file>
      <input_file id="fl-e5">
         <path>C:\ti\ccsv6\tools\compiler\ti-cgt-arm_15.9.0.STS\lib\</path>
         <kind>archive</kind>
         <file>rtsv7M4_T_le_eabi.lib</file>
         <name>ctype.obj</name>
      </input_file>
      <input_file id="fl-e6">
         <path>C:\ti\ccsv6\tools\compiler\ti-cgt-arm_15.9.0.STS\lib\</path>
         <kind>archive</kind>
         <file>rtsv7M4_T_le_eabi.lib</file>
         <name>defs.obj</name>
      </input_file>
      <input_file id="fl-e7">
         <path>C:\ti\ccsv6\tools\compiler\ti-cgt-arm_15.9.0.STS\lib\</path>
         <kind>archive</kind>
         <file>rtsv7M4_T_le_eabi.lib</file>
         <name>fd_add_t2.obj</name>
      </input_file>
      <input_file id="fl-e8">
         <path>C:\ti\ccsv6\tools\compiler\ti-cgt-arm_15.9.0.STS\lib\</path>
         <kind>archive</kind>
         <file>rtsv7M4_T_le_eabi.lib</file>
         <name>fd_cmp_t2.obj</name>
      </input_file>
      <input_file id="fl-e9">
         <path>C:\ti\ccsv6\tools\compiler\ti-cgt-arm_15.9.0.STS\lib\</path>
         <kind>archive</kind>
         <file>rtsv7M4_T_le_eabi.lib</file>
         <name>fd_mul_t2.obj</name>
      </input_file>
      <input_file id="fl-ea">
         <path>C:\ti\ccsv6\tools\compiler\ti-cgt-arm_15.9.0.STS\lib\</path>
         <kind>archive</kind>
         <file>rtsv7M4_T_le_eabi.lib</file>
         <name>fd_toi_t2.obj</name>
      </input_file>
      <input_file id="fl-eb">
         <path>C:\ti\ccsv6\tools\compiler\ti-cgt-arm_15.9.0.STS\lib\</path>
         <kind>archive</kind>
         <file>rtsv7M4_T_le_eabi.lib</file>
         <name>fputc.obj</name>
      </input_file>
      <input_file id="fl-ec">
         <path>C:\ti\ccsv6\tools\compiler\ti-cgt-arm_15.9.0.STS\lib\</path>
         <kind>archive</kind>
         <file>rtsv7M4_T_le_eabi.lib</file>
         <name>fputs.obj</name>
      </input_file>
      <input_file id="fl-ed">
         <path>C:\ti\ccsv6\tools\compiler\ti-cgt-arm_15.9.0.STS\lib\</path>
         <kind>archive</kind>
         <file>rtsv7M4_T_le_eabi.lib</file>
         <name>lowlev.obj</name>
      </input_file>
      <input_file id="fl-ee">
         <path>C:\ti\ccsv6\tools\compiler\ti-cgt-arm_15.9.0.STS\lib\</path>
         <kind>archive</kind>
         <file>rtsv7M4_T_le_eabi.lib</file>
         <name>ltoa.obj</name>
      </input_file>
      <input_file id="fl-ef">
         <path>C:\ti\ccsv6\tools\compiler\ti-cgt-arm_15.9.0.STS\lib\</path>
         <kind>archive</kind>
         <file>rtsv7M4_T_le_eabi.lib</file>
         <name>memccpy.obj</name>
      </input_file>
      <input_file id="fl-f0">
         <path>C:\ti\ccsv6\tools\compiler\ti-cgt-arm_15.9.0.STS\lib\</path>
         <kind>archive</kind>
         <file>rtsv7M4_T_le_eabi.lib</file>
         <name>memchr.obj</name>
      </input_file>
      <input_file id="fl-f1">
         <path>C:\ti\ccsv6\tools\compiler\ti-cgt-arm_15.9.0.STS\lib\</path>
         <kind>archive</kind>
         <file>rtsv7M4_T_le_eabi.lib</file>
         <name>s_frexp.obj</name>
      </input_file>
      <input_file id="fl-f2">
         <path>C:\ti\ccsv6\tools\compiler\ti-cgt-arm_15.9.0.STS\lib\</path>
         <kind>archive</kind>
         <file>rtsv7M4_T_le_eabi.lib</file>
         <name>s_scalbn.obj</name>
      </input_file>
      <input_file id="fl-f3">
         <path>C:\ti\ccsv6\tools\compiler\ti-cgt-arm_15.9.0.STS\lib\</path>
         <kind>archive</kind>
         <file>rtsv7M4_T_le_eabi.lib</file>
         <name>strchr.obj</name>
      </input_file>
      <input_file id="fl-f4">
         <path>C:\ti\ccsv6\tools\compiler\ti-cgt-arm_15.9.0.STS\lib\</path>
         <kind>archive</kind>
         <file>rtsv7M4_T_le_eabi.lib</file>
         <name>strncpy.obj</name>
      </input_file>
      <input_file id="fl-f5">
         <path>C:\ti\ccsv6\tools\compiler\ti-cgt-arm_15.9.0.STS\lib\</path>
         <kind>archive</kind>
         <file>rtsv7M4_T_le_eabi.lib</file>
         <name>trgdrv.obj</name>
      </input_file>
      <input_file id="fl-f6">
         <path>C:\ti\ccsv6\tools\compiler\ti-cgt-arm_15.9.0.STS\lib\</path>
         <kind>archive</kind>
         <file>rtsv7M4_T_le_eabi.lib</file>
         <name>trgmsg.obj</name>
      </input_file>
      <input_file id="fl-f7">
         <path>C:\ti\ccsv6\tools\compiler\ti-cgt-arm_15.9.0.STS\lib\</path>
         <kind>archive</kind>
         <file>rtsv7M4_T_le_eabi.lib</file>
         <name>ull_div_t2.obj</name>
      </input_file>
      <input_file id="fl-f8">
         <path>C:\ti\ccsv6\tools\compiler\ti-cgt-arm_15.9.0.STS\lib\</path>
         <kind>archive</kind>
         <file>rtsv7M4_T_le_eabi.lib</file>
         <name>_io_perm.obj</name>
      </input_file>
      <input_file id="fl-f9">
         <path>C:\ti\ccsv6\tools\compiler\ti-cgt-arm_15.9.0.STS\lib\</path>
         <kind>archive</kind>
         <file>rtsv7M4_T_le_eabi.lib</file>
         <name>errno.obj</name>
      </input_file>
      <input_file id="fl-fa">
         <path>C:\ti\ccsv6\tools\compiler\ti-cgt-arm_15.9.0.STS\lib\</path>
         <kind>archive</kind>
         <file>rtsv7M4_T_le_eabi.lib</file>
         <name>fflush.obj</name>
      </input_file>
      <input_file id="fl-fb">
         <path>C:\ti\ccsv6\tools\compiler\ti-cgt-arm_15.9.0.STS\lib\</path>
         <kind>archive</kind>
         <file>rtsv7M4_T_le_eabi.lib</file>
         <name>fseek.obj</name>
      </input_file>
      <input_file id="fl-fc">
         <path>C:\ti\ccsv6\tools\compiler\ti-cgt-arm_15.9.0.STS\lib\</path>
         <kind>archive</kind>
         <file>rtsv7M4_T_le_eabi.lib</file>
         <name>s_copysign.obj</name>
      </input_file>
      <input_file id="fl-fd">
         <path>C:\ti\ccsv6\tools\compiler\ti-cgt-arm_15.9.0.STS\lib\</path>
         <kind>archive</kind>
         <file>rtsv7M4_T_le_eabi.lib</file>
         <name>setvbuf.obj</name>
      </input_file>
      <input_file id="fl-fe">
         <path>C:\ti\ccsv6\tools\compiler\ti-cgt-arm_15.9.0.STS\lib\</path>
         <kind>archive</kind>
         <file>rtsv7M4_T_le_eabi.lib</file>
         <name>strcpy.obj</name>
      </input_file>
      <input_file id="fl-ff">
         <path>C:\ti\ccsv6\tools\compiler\ti-cgt-arm_15.9.0.STS\lib\</path>
         <kind>archive</kind>
         <file>rtsv7M4_T_le_eabi.lib</file>
         <name>fopen.obj</name>
      </input_file>
      <input_file id="fl-100">
         <path>C:\ti\ccsv6\tools\compiler\ti-cgt-arm_15.9.0.STS\lib\</path>
         <kind>archive</kind>
         <file>rtsv7M4_T_le_eabi.lib</file>
         <name>fclose.obj</name>
      </input_file>
      <input_file id="fl-101">
         <path>C:\ti\ccsv6\tools\compiler\ti-cgt-arm_15.9.0.STS\lib\</path>
         <kind>archive</kind>
         <file>rtsv7M4_T_le_eabi.lib</file>
         <name>remove.obj</name>
      </input_file>
      <input_file id="fl-102">
         <path>C:\ti\CC3200SDK_1.1.0\cc3200-sdk\example\http_client_demo\ccs\..\..\..\driverlib\ccs\Release\</path>
         <kind>archive</kind>
         <file>driverlib.a</file>
         <name>gpio.obj</name>
      </input_file>
      <input_file id="fl-103">
         <path>C:\ti\CC3200SDK_1.1.0\cc3200-sdk\example\http_client_demo\ccs\..\..\..\driverlib\ccs\Release\</path>
         <kind>archive</kind>
         <file>driverlib.a</file>
         <name>interrupt.obj</name>
      </input_file>
      <input_file id="fl-104">
         <path>C:\ti\CC3200SDK_1.1.0\cc3200-sdk\example\http_client_demo\ccs\..\..\..\driverlib\ccs\Release\</path>
         <kind>archive</kind>
         <file>driverlib.a</file>
         <name>pin.obj</name>
      </input_file>
      <input_file id="fl-105">
         <path>C:\ti\CC3200SDK_1.1.0\cc3200-sdk\example\http_client_demo\ccs\..\..\..\driverlib\ccs\Release\</path>
         <kind>archive</kind>
         <file>driverlib.a</file>
         <name>prcm.obj</name>
      </input_file>
      <input_file id="fl-106">
         <path>C:\ti\CC3200SDK_1.1.0\cc3200-sdk\example\http_client_demo\ccs\..\..\..\driverlib\ccs\Release\</path>
         <kind>archive</kind>
         <file>driverlib.a</file>
         <name>systick.obj</name>
      </input_file>
      <input_file id="fl-107">
         <path>C:\ti\CC3200SDK_1.1.0\cc3200-sdk\example\http_client_demo\ccs\..\..\..\driverlib\ccs\Release\</path>
         <kind>archive</kind>
         <file>driverlib.a</file>
         <name>timer.obj</name>
      </input_file>
      <input_file id="fl-108">
         <path>C:\ti\CC3200SDK_1.1.0\cc3200-sdk\example\http_client_demo\ccs\..\..\..\driverlib\ccs\Release\</path>
         <kind>archive</kind>
         <file>driverlib.a</file>
         <name>uart.obj</name>
      </input_file>
      <input_file id="fl-109">
         <path>C:\ti\CC3200SDK_1.1.0\cc3200-sdk\example\http_client_demo\ccs\..\..\..\driverlib\ccs\Release\</path>
         <kind>archive</kind>
         <file>driverlib.a</file>
         <name>utils.obj</name>
      </input_file>
      <input_file id="fl-10a">
         <path>C:\ti\CC3200SDK_1.1.0\cc3200-sdk\example\http_client_demo\ccs\..\..\..\driverlib\ccs\Release\</path>
         <kind>archive</kind>
         <file>driverlib.a</file>
         <name>cpu.obj</name>
      </input_file>
      <input_file id="fl-10b">
         <path>C:\ti\CC3200SDK_1.1.0\cc3200-sdk\example\http_client_demo\ccs\..\..\..\driverlib\ccs\Release\</path>
         <kind>archive</kind>
         <file>driverlib.a</file>
         <name>flash.obj</name>
      </input_file>
      <input_file id="fl-10c">
         <path>C:\ti\CC3200SDK_1.1.0\cc3200-sdk\example\http_client_demo\ccs\..\..\..\simplelink\ccs\NON_OS\</path>
         <kind>archive</kind>
         <file>simplelink.a</file>
         <name>device.obj</name>
      </input_file>
      <input_file id="fl-10d">
         <path>C:\ti\CC3200SDK_1.1.0\cc3200-sdk\example\http_client_demo\ccs\..\..\..\simplelink\ccs\NON_OS\</path>
         <kind>archive</kind>
         <file>simplelink.a</file>
         <name>driver.obj</name>
      </input_file>
      <input_file id="fl-10e">
         <path>C:\ti\CC3200SDK_1.1.0\cc3200-sdk\example\http_client_demo\ccs\..\..\..\simplelink\ccs\NON_OS\</path>
         <kind>archive</kind>
         <file>simplelink.a</file>
         <name>netapp.obj</name>
      </input_file>
      <input_file id="fl-10f">
         <path>C:\ti\CC3200SDK_1.1.0\cc3200-sdk\example\http_client_demo\ccs\..\..\..\simplelink\ccs\NON_OS\</path>
         <kind>archive</kind>
         <file>simplelink.a</file>
         <name>netcfg.obj</name>
      </input_file>
      <input_file id="fl-110">
         <path>C:\ti\CC3200SDK_1.1.0\cc3200-sdk\example\http_client_demo\ccs\..\..\..\simplelink\ccs\NON_OS\</path>
         <kind>archive</kind>
         <file>simplelink.a</file>
         <name>nonos.obj</name>
      </input_file>
      <input_file id="fl-111">
         <path>C:\ti\CC3200SDK_1.1.0\cc3200-sdk\example\http_client_demo\ccs\..\..\..\simplelink\ccs\NON_OS\</path>
         <kind>archive</kind>
         <file>simplelink.a</file>
         <name>socket.obj</name>
      </input_file>
      <input_file id="fl-112">
         <path>C:\ti\CC3200SDK_1.1.0\cc3200-sdk\example\http_client_demo\ccs\..\..\..\simplelink\ccs\NON_OS\</path>
         <kind>archive</kind>
         <file>simplelink.a</file>
         <name>wlan.obj</name>
      </input_file>
      <input_file id="fl-113">
         <path>C:\ti\CC3200SDK_1.1.0\cc3200-sdk\example\http_client_demo\ccs\..\..\..\simplelink\ccs\NON_OS\</path>
         <kind>archive</kind>
         <file>simplelink.a</file>
         <name>cc_pal.obj</name>
      </input_file>
      <input_file id="fl-114">
         <path>C:\ti\CC3200SDK_1.1.0\cc3200-sdk\netapps\json\ccs\Release\</path>
         <kind>archive</kind>
         <file>json.a</file>
         <name>jsmn.obj</name>
      </input_file>
      <input_file id="fl-115">
         <path>C:\ti\ccsv6\tools\compiler\ti-cgt-arm_15.9.0.STS\lib\</path>
         <kind>archive</kind>
         <file>rtsv7M4_T_le_eabi.lib</file>
         <name>ll_lsr_t2.obj</name>
      </input_file>
      <input_file id="fl-116">
         <path>C:\ti\CC3200SDK_1.1.0\cc3200-sdk\example\http_client_demo\ccs\..\..\..\driverlib\ccs\Release\</path>
         <kind>archive</kind>
         <file>driverlib.a</file>
         <name>spi.obj</name>
      </input_file>
      <input_file id="fl-117">
         <path>C:\ti\CC3200SDK_1.1.0\cc3200-sdk\example\http_client_demo\ccs\..\..\..\driverlib\ccs\Release\</path>
         <kind>archive</kind>
         <file>driverlib.a</file>
         <name>udma.obj</name>
      </input_file>
   </input_file_list>
   <object_component_list>
      <object_component id="oc-f">
         <name>.intvecs</name>
         <load_address>0x20004000</load_address>
         <run_address>0x20004000</run_address>
         <size>0x400</size>
         <input_file_ref idref="fl-8"/>
      </object_component>
      <object_component id="oc-9f">
         <name>.text</name>
         <load_address>0x20004400</load_address>
         <run_address>0x20004400</run_address>
         <size>0x128c</size>
         <input_file_ref idref="fl-6"/>
      </object_component>
      <object_component id="oc-40a">
         <name>.text</name>
         <load_address>0x2000568c</load_address>
         <run_address>0x2000568c</run_address>
         <size>0x10fc</size>
         <input_file_ref idref="fl-e0"/>
      </object_component>
      <object_component id="oc-1da">
         <name>.text</name>
         <load_address>0x20006788</load_address>
         <run_address>0x20006788</run_address>
         <size>0xd90</size>
         <input_file_ref idref="fl-3"/>
      </object_component>
      <object_component id="oc-135">
         <name>.text</name>
         <load_address>0x20007518</load_address>
         <run_address>0x20007518</run_address>
         <size>0x5f0</size>
         <input_file_ref idref="fl-114"/>
      </object_component>
      <object_component id="oc-6d2">
         <name>.text:_SlDrvMsgRead</name>
         <load_address>0x20007b08</load_address>
         <run_address>0x20007b08</run_address>
         <size>0x5ec</size>
         <input_file_ref idref="fl-10d"/>
      </object_component>
      <object_component id="oc-141">
         <name>.text</name>
         <load_address>0x200080f4</load_address>
         <run_address>0x200080f4</run_address>
         <size>0x3dc</size>
         <input_file_ref idref="fl-d6"/>
      </object_component>
      <object_component id="oc-180">
         <name>.text</name>
         <load_address>0x200084d0</load_address>
         <run_address>0x200084d0</run_address>
         <size>0x354</size>
         <input_file_ref idref="fl-5"/>
      </object_component>
      <object_component id="oc-83f">
         <name>.text</name>
         <load_address>0x20008824</load_address>
         <run_address>0x20008824</run_address>
         <size>0x324</size>
         <input_file_ref idref="fl-f5"/>
      </object_component>
      <object_component id="oc-747">
         <name>.text</name>
         <load_address>0x20008b48</load_address>
         <run_address>0x20008b48</run_address>
         <size>0x30c</size>
         <input_file_ref idref="fl-ed"/>
      </object_component>
      <object_component id="oc-d1">
         <name>.text</name>
         <load_address>0x20008e54</load_address>
         <run_address>0x20008e54</run_address>
         <size>0x280</size>
         <input_file_ref idref="fl-a"/>
      </object_component>
      <object_component id="oc-76f">
         <name>.text:_SlDrvRxHdrRead</name>
         <load_address>0x200090d4</load_address>
         <run_address>0x200090d4</run_address>
         <size>0x248</size>
         <input_file_ref idref="fl-10d"/>
      </object_component>
      <object_component id="oc-12f">
         <name>.text:sl_WlanConnect</name>
         <load_address>0x2000931c</load_address>
         <run_address>0x2000931c</run_address>
         <size>0x244</size>
         <input_file_ref idref="fl-112"/>
      </object_component>
      <object_component id="oc-5fe">
         <name>.text</name>
         <load_address>0x20009560</load_address>
         <run_address>0x20009560</run_address>
         <size>0x1f4</size>
         <input_file_ref idref="fl-f7"/>
      </object_component>
      <object_component id="oc-2b7">
         <name>.text:_SlDrvReleasePoolObj</name>
         <load_address>0x20009754</load_address>
         <run_address>0x20009754</run_address>
         <size>0x1d0</size>
         <input_file_ref idref="fl-10d"/>
      </object_component>
      <object_component id="oc-585">
         <name>.text:_SlDrvMsgWrite</name>
         <load_address>0x20009924</load_address>
         <run_address>0x20009924</run_address>
         <size>0x1cc</size>
         <input_file_ref idref="fl-10d"/>
      </object_component>
      <object_component id="oc-82a">
         <name>.text</name>
         <load_address>0x20009af0</load_address>
         <run_address>0x20009af0</run_address>
         <size>0x1c4</size>
         <input_file_ref idref="fl-ff"/>
      </object_component>
      <object_component id="oc-61d">
         <name>.text</name>
         <load_address>0x20009cb4</load_address>
         <run_address>0x20009cb4</run_address>
         <size>0x1b6</size>
         <input_file_ref idref="fl-e7"/>
      </object_component>
      <object_component id="oc-6c4">
         <name>.text:IntDefaultHandler</name>
         <load_address>0x20009e6a</load_address>
         <run_address>0x20009e6a</run_address>
         <size>0x2</size>
         <input_file_ref idref="fl-103"/>
      </object_component>
      <object_component id="oc-171">
         <name>.text</name>
         <load_address>0x20009e6c</load_address>
         <run_address>0x20009e6c</run_address>
         <size>0x198</size>
         <input_file_ref idref="fl-9"/>
      </object_component>
      <object_component id="oc-3db">
         <name>.text:_SlDrvWaitForPoolObj</name>
         <load_address>0x2000a004</load_address>
         <run_address>0x2000a004</run_address>
         <size>0x190</size>
         <input_file_ref idref="fl-10d"/>
      </object_component>
      <object_component id="oc-28d">
         <name>.text:_SlDrvDriverCBInit</name>
         <load_address>0x2000a194</load_address>
         <run_address>0x2000a194</run_address>
         <size>0x188</size>
         <input_file_ref idref="fl-10d"/>
      </object_component>
      <object_component id="oc-781">
         <name>.text:_SlFindAndSetActiveObj</name>
         <load_address>0x2000a31c</load_address>
         <run_address>0x2000a31c</run_address>
         <size>0x170</size>
         <input_file_ref idref="fl-10d"/>
      </object_component>
      <object_component id="oc-293">
         <name>.text:spi_Open</name>
         <load_address>0x2000a48c</load_address>
         <run_address>0x2000a48c</run_address>
         <size>0x144</size>
         <input_file_ref idref="fl-113"/>
      </object_component>
      <object_component id="oc-162">
         <name>.text</name>
         <load_address>0x2000a5d0</load_address>
         <run_address>0x2000a5d0</run_address>
         <size>0x136</size>
         <input_file_ref idref="fl-cd"/>
      </object_component>
      <object_component id="oc-1ce">
         <name>.text:PRCMCC3200MCUInit</name>
         <load_address>0x2000a708</load_address>
         <run_address>0x2000a708</run_address>
         <size>0x134</size>
         <input_file_ref idref="fl-105"/>
      </object_component>
      <object_component id="oc-66a">
         <name>.text</name>
         <load_address>0x2000a83c</load_address>
         <run_address>0x2000a83c</run_address>
         <size>0x134</size>
         <input_file_ref idref="fl-ec"/>
      </object_component>
      <object_component id="oc-41f">
         <name>.text:_SlDrvDataReadOp</name>
         <load_address>0x2000a970</load_address>
         <run_address>0x2000a970</run_address>
         <size>0x12c</size>
         <input_file_ref idref="fl-10d"/>
      </object_component>
      <object_component id="oc-418">
         <name>.text:_SlDrvDataWriteOp</name>
         <load_address>0x2000aa9c</load_address>
         <run_address>0x2000aa9c</run_address>
         <size>0x108</size>
         <input_file_ref idref="fl-10d"/>
      </object_component>
      <object_component id="oc-19f">
         <name>.text:sl_Connect</name>
         <load_address>0x2000aba4</load_address>
         <run_address>0x2000aba4</run_address>
         <size>0x108</size>
         <input_file_ref idref="fl-111"/>
      </object_component>
      <object_component id="oc-1b0">
         <name>.text:sl_Send</name>
         <load_address>0x2000acac</load_address>
         <run_address>0x2000acac</run_address>
         <size>0x108</size>
         <input_file_ref idref="fl-111"/>
      </object_component>
      <object_component id="oc-187">
         <name>.text:sl_NetAppDnsGetHostByName</name>
         <load_address>0x2000adb4</load_address>
         <run_address>0x2000adb4</run_address>
         <size>0x104</size>
         <input_file_ref idref="fl-10e"/>
      </object_component>
      <object_component id="oc-2f1">
         <name>.text:_SlDrvDriverCBDeinit</name>
         <load_address>0x2000aeb8</load_address>
         <run_address>0x2000aeb8</run_address>
         <size>0x100</size>
         <input_file_ref idref="fl-10d"/>
      </object_component>
      <object_component id="oc-7f8">
         <name>.text:_SlDrvNetAppEventHandler</name>
         <load_address>0x2000afb8</load_address>
         <run_address>0x2000afb8</run_address>
         <size>0xfe</size>
         <input_file_ref idref="fl-10e"/>
      </object_component>
      <object_component id="oc-608">
         <name>.text</name>
         <load_address>0x2000b0b6</load_address>
         <run_address>0x2000b0b6</run_address>
         <size>0xfc</size>
         <input_file_ref idref="fl-e9"/>
      </object_component>
      <object_component id="oc-77b">
         <name>.text:spi_Read</name>
         <load_address>0x2000b1b4</load_address>
         <run_address>0x2000b1b4</run_address>
         <size>0xf0</size>
         <input_file_ref idref="fl-113"/>
      </object_component>
      <object_component id="oc-88e">
         <name>.text:uDMAChannelTransferSet</name>
         <load_address>0x2000b2a4</load_address>
         <run_address>0x2000b2a4</run_address>
         <size>0xf0</size>
         <input_file_ref idref="fl-117"/>
      </object_component>
      <object_component id="oc-7ce">
         <name>.text</name>
         <load_address>0x2000b394</load_address>
         <run_address>0x2000b394</run_address>
         <size>0xdc</size>
         <input_file_ref idref="fl-fd"/>
      </object_component>
      <object_component id="oc-775">
         <name>.text:_SlDrvClassifyRxMsg</name>
         <load_address>0x2000b470</load_address>
         <run_address>0x2000b470</run_address>
         <size>0xd8</size>
         <input_file_ref idref="fl-10d"/>
      </object_component>
      <object_component id="oc-f2">
         <name>.text:sl_Stop</name>
         <load_address>0x2000b548</load_address>
         <run_address>0x2000b548</run_address>
         <size>0xd4</size>
         <input_file_ref idref="fl-10c"/>
      </object_component>
      <object_component id="oc-628">
         <name>.text</name>
         <load_address>0x2000b61c</load_address>
         <run_address>0x2000b61c</run_address>
         <size>0xd0</size>
         <input_file_ref idref="fl-f2"/>
      </object_component>
      <object_component id="oc-472">
         <name>.text</name>
         <load_address>0x2000b6ec</load_address>
         <run_address>0x2000b6ec</run_address>
         <size>0xc8</size>
         <input_file_ref idref="fl-2"/>
      </object_component>
      <object_component id="oc-858">
         <name>.text:_sl_HandleAsync_DnsGetHostByService</name>
         <load_address>0x2000b7b4</load_address>
         <run_address>0x2000b7b4</run_address>
         <size>0xc8</size>
         <input_file_ref idref="fl-10e"/>
      </object_component>
      <object_component id="oc-741">
         <name>.text</name>
         <load_address>0x2000b87c</load_address>
         <run_address>0x2000b87c</run_address>
         <size>0xc8</size>
         <input_file_ref idref="fl-fa"/>
      </object_component>
      <object_component id="oc-58b">
         <name>.text:_SlDrvMsgReadCmdCtx</name>
         <load_address>0x2000b944</load_address>
         <run_address>0x2000b944</run_address>
         <size>0xc0</size>
         <input_file_ref idref="fl-10d"/>
      </object_component>
      <object_component id="oc-548">
         <name>.text:_SlRemoveFromList</name>
         <load_address>0x2000ba04</load_address>
         <run_address>0x2000ba04</run_address>
         <size>0xc0</size>
         <input_file_ref idref="fl-10d"/>
      </object_component>
      <object_component id="oc-e0">
         <name>.text:sl_Start</name>
         <load_address>0x2000bac4</load_address>
         <run_address>0x2000bac4</run_address>
         <size>0xbc</size>
         <input_file_ref idref="fl-10c"/>
      </object_component>
      <object_component id="oc-6d8">
         <name>.text:_SlAsyncEventGenericHandler</name>
         <load_address>0x2000bb80</load_address>
         <run_address>0x2000bb80</run_address>
         <size>0xb8</size>
         <input_file_ref idref="fl-10d"/>
      </object_component>
      <object_component id="oc-320">
         <name>.text:sl_NetAppMDNSRegisterUnregisterService</name>
         <load_address>0x2000bc38</load_address>
         <run_address>0x2000bc38</run_address>
         <size>0xb4</size>
         <input_file_ref idref="fl-10e"/>
      </object_component>
      <object_component id="oc-73b">
         <name>.text</name>
         <load_address>0x2000bcec</load_address>
         <run_address>0x2000bcec</run_address>
         <size>0xac</size>
         <input_file_ref idref="fl-f8"/>
      </object_component>
      <object_component id="oc-52d">
         <name>.text:IntDisable</name>
         <load_address>0x2000bd98</load_address>
         <run_address>0x2000bd98</run_address>
         <size>0xa8</size>
         <input_file_ref idref="fl-103"/>
      </object_component>
      <object_component id="oc-1c8">
         <name>.text:IntEnable</name>
         <load_address>0x2000be40</load_address>
         <run_address>0x2000be40</run_address>
         <size>0xa8</size>
         <input_file_ref idref="fl-103"/>
      </object_component>
      <object_component id="oc-4da">
         <name>.text:SPIConfigSetExpClk</name>
         <load_address>0x2000bee8</load_address>
         <run_address>0x2000bee8</run_address>
         <size>0xa0</size>
         <input_file_ref idref="fl-116"/>
      </object_component>
      <object_component id="oc-561">
         <name>.text:_SlDrvMsgReadSpawnCtx</name>
         <load_address>0x2000bf88</load_address>
         <run_address>0x2000bf88</run_address>
         <size>0x9c</size>
         <input_file_ref idref="fl-10d"/>
      </object_component>
      <object_component id="oc-36">
         <name>.text</name>
         <load_address>0x2000c024</load_address>
         <run_address>0x2000c024</run_address>
         <size>0x9c</size>
         <input_file_ref idref="fl-d4"/>
      </object_component>
      <object_component id="oc-f8">
         <name>.text:sl_DevGet</name>
         <load_address>0x2000c0c0</load_address>
         <run_address>0x2000c0c0</run_address>
         <size>0x9c</size>
         <input_file_ref idref="fl-10c"/>
      </object_component>
      <object_component id="oc-89d">
         <name>.text</name>
         <load_address>0x2000c15c</load_address>
         <run_address>0x2000c15c</run_address>
         <size>0x98</size>
         <input_file_ref idref="fl-100"/>
      </object_component>
      <object_component id="oc-664">
         <name>.text</name>
         <load_address>0x2000c1f4</load_address>
         <run_address>0x2000c1f4</run_address>
         <size>0x98</size>
         <input_file_ref idref="fl-eb"/>
      </object_component>
      <object_component id="oc-6e0">
         <name>.text:spi_Write</name>
         <load_address>0x2000c28c</load_address>
         <run_address>0x2000c28c</run_address>
         <size>0x98</size>
         <input_file_ref idref="fl-113"/>
      </object_component>
      <object_component id="oc-221">
         <name>.text:PRCMPeripheralClockGet</name>
         <load_address>0x2000c324</load_address>
         <run_address>0x2000c324</run_address>
         <size>0x94</size>
         <input_file_ref idref="fl-105"/>
      </object_component>
      <object_component id="oc-158">
         <name>.text</name>
         <load_address>0x2000c3b8</load_address>
         <run_address>0x2000c3b8</run_address>
         <size>0x92</size>
         <input_file_ref idref="fl-cf"/>
      </object_component>
      <object_component id="oc-805">
         <name>.text:SetupDMAReceive</name>
         <load_address>0x2000c44c</load_address>
         <run_address>0x2000c44c</run_address>
         <size>0x8c</size>
         <input_file_ref idref="fl-113"/>
      </object_component>
      <object_component id="oc-78c">
         <name>.text:SetupDMASend</name>
         <load_address>0x2000c4d8</load_address>
         <run_address>0x2000c4d8</run_address>
         <size>0x8c</size>
         <input_file_ref idref="fl-113"/>
      </object_component>
      <object_component id="oc-852">
         <name>.text:_sl_HandleAsync_DnsGetHostByName</name>
         <load_address>0x2000c564</load_address>
         <run_address>0x2000c564</run_address>
         <size>0x8c</size>
         <input_file_ref idref="fl-10e"/>
      </object_component>
      <object_component id="oc-7fe">
         <name>.text:_sl_HandleAsync_PingResponse</name>
         <load_address>0x2000c5f0</load_address>
         <run_address>0x2000c5f0</run_address>
         <size>0x8c</size>
         <input_file_ref idref="fl-10e"/>
      </object_component>
      <object_component id="oc-14d">
         <name>.text:PinConfigSet</name>
         <load_address>0x2000c67c</load_address>
         <run_address>0x2000c67c</run_address>
         <size>0x88</size>
         <input_file_ref idref="fl-104"/>
      </object_component>
      <object_component id="oc-233">
         <name>.text</name>
         <load_address>0x2000c704</load_address>
         <run_address>0x2000c704</run_address>
         <size>0x88</size>
         <input_file_ref idref="fl-de"/>
      </object_component>
      <object_component id="oc-603">
         <name>.text:__aeabi_cdcmple</name>
         <load_address>0x2000c78c</load_address>
         <run_address>0x2000c78c</run_address>
         <size>0x86</size>
         <input_file_ref idref="fl-e8"/>
      </object_component>
      <object_component id="oc-60d">
         <name>.text:__aeabi_cdrcmple</name>
         <load_address>0x2000c812</load_address>
         <run_address>0x2000c812</run_address>
         <size>0x86</size>
         <input_file_ref idref="fl-e8"/>
      </object_component>
      <object_component id="oc-287">
         <name>.text:NwpPowerOnPreamble</name>
         <load_address>0x2000c898</load_address>
         <run_address>0x2000c898</run_address>
         <size>0x84</size>
         <input_file_ref idref="fl-113"/>
      </object_component>
      <object_component id="oc-3ae">
         <name>.text:GPIOIntTypeSet</name>
         <load_address>0x2000c91c</load_address>
         <run_address>0x2000c91c</run_address>
         <size>0x82</size>
         <input_file_ref idref="fl-102"/>
      </object_component>
      <object_component id="oc-2db">
         <name>.text:_SlDrvCmdOp</name>
         <load_address>0x2000c9a0</load_address>
         <run_address>0x2000c9a0</run_address>
         <size>0x80</size>
         <input_file_ref idref="fl-10d"/>
      </object_component>
      <object_component id="oc-80b">
         <name>.text:spi_Read_CPU</name>
         <load_address>0x2000ca20</load_address>
         <run_address>0x2000ca20</run_address>
         <size>0x80</size>
         <input_file_ref idref="fl-113"/>
      </object_component>
      <object_component id="oc-79e">
         <name>.text:spi_Write_CPU</name>
         <load_address>0x2000caa0</load_address>
         <run_address>0x2000caa0</run_address>
         <size>0x80</size>
         <input_file_ref idref="fl-113"/>
      </object_component>
      <object_component id="oc-7a9">
         <name>.text:_sl_HandleAsync_InitComplete</name>
         <load_address>0x2000cb20</load_address>
         <run_address>0x2000cb20</run_address>
         <size>0x7c</size>
         <input_file_ref idref="fl-10c"/>
      </object_component>
      <object_component id="oc-16c">
         <name>.text</name>
         <load_address>0x2000cb9c</load_address>
         <run_address>0x2000cb9c</run_address>
         <size>0x7a</size>
         <input_file_ref idref="fl-d0"/>
      </object_component>
      <object_component id="oc-4f">
         <name>.text</name>
         <load_address>0x2000cc16</load_address>
         <run_address>0x2000cc16</run_address>
         <size>0x7a</size>
         <input_file_ref idref="fl-d7"/>
      </object_component>
      <object_component id="oc-874">
         <name>.text:_sl_HandleAsync_Connect</name>
         <load_address>0x2000cc90</load_address>
         <run_address>0x2000cc90</run_address>
         <size>0x78</size>
         <input_file_ref idref="fl-111"/>
      </object_component>
      <object_component id="oc-2eb">
         <name>.text:spi_Close</name>
         <load_address>0x2000cd08</load_address>
         <run_address>0x2000cd08</run_address>
         <size>0x78</size>
         <input_file_ref idref="fl-113"/>
      </object_component>
      <object_component id="oc-227">
         <name>.text:UARTConfigSetExpClk</name>
         <load_address>0x2000cd80</load_address>
         <run_address>0x2000cd80</run_address>
         <size>0x76</size>
         <input_file_ref idref="fl-108"/>
      </object_component>
      <object_component id="oc-1b6">
         <name>.text:sl_Recv</name>
         <load_address>0x2000cdf8</load_address>
         <run_address>0x2000cdf8</run_address>
         <size>0x74</size>
         <input_file_ref idref="fl-111"/>
      </object_component>
      <object_component id="oc-36d">
         <name>.text:TimerIntRegister</name>
         <load_address>0x2000ce6c</load_address>
         <run_address>0x2000ce6c</run_address>
         <size>0x70</size>
         <input_file_ref idref="fl-107"/>
      </object_component>
      <object_component id="oc-e6">
         <name>.text:_SlNonOsMainLoopTask</name>
         <load_address>0x2000cedc</load_address>
         <run_address>0x2000cedc</run_address>
         <size>0x70</size>
         <input_file_ref idref="fl-110"/>
      </object_component>
      <object_component id="oc-458">
         <name>.text</name>
         <load_address>0x2000cf4c</load_address>
         <run_address>0x2000cf4c</run_address>
         <size>0x70</size>
         <input_file_ref idref="fl-d9"/>
      </object_component>
      <object_component id="oc-8c1">
         <name>.text:_SlDrvCmdSend</name>
         <load_address>0x2000cfbc</load_address>
         <run_address>0x2000cfbc</run_address>
         <size>0x6c</size>
         <input_file_ref idref="fl-10d"/>
      </object_component>
      <object_component id="oc-61">
         <name>.text</name>
         <load_address>0x2000d028</load_address>
         <run_address>0x2000d028</run_address>
         <size>0x6c</size>
         <input_file_ref idref="fl-e3"/>
      </object_component>
      <object_component id="oc-42">
         <name>.text</name>
         <load_address>0x2000d094</load_address>
         <run_address>0x2000d094</run_address>
         <size>0x6a</size>
         <input_file_ref idref="fl-ca"/>
      </object_component>
      <object_component id="oc-39d">
         <name>.text:TimerIntUnregister</name>
         <load_address>0x2000d100</load_address>
         <run_address>0x2000d100</run_address>
         <size>0x68</size>
         <input_file_ref idref="fl-107"/>
      </object_component>
      <object_component id="oc-85e">
         <name>.text:_sl_NetAppSendTokenValue</name>
         <load_address>0x2000d168</load_address>
         <run_address>0x2000d168</run_address>
         <size>0x68</size>
         <input_file_ref idref="fl-10e"/>
      </object_component>
      <object_component id="oc-8aa">
         <name>.text</name>
         <load_address>0x2000d1d0</load_address>
         <run_address>0x2000d1d0</run_address>
         <size>0x68</size>
         <input_file_ref idref="fl-f6"/>
      </object_component>
      <object_component id="oc-110">
         <name>.text:sl_NetCfgSet</name>
         <load_address>0x2000d238</load_address>
         <run_address>0x2000d238</run_address>
         <size>0x68</size>
         <input_file_ref idref="fl-10f"/>
      </object_component>
      <object_component id="oc-116">
         <name>.text:sl_WlanSet</name>
         <load_address>0x2000d2a0</load_address>
         <run_address>0x2000d2a0</run_address>
         <size>0x68</size>
         <input_file_ref idref="fl-112"/>
      </object_component>
      <object_component id="oc-478">
         <name>.text</name>
         <load_address>0x2000d308</load_address>
         <run_address>0x2000d308</run_address>
         <size>0x66</size>
         <input_file_ref idref="fl-4"/>
      </object_component>
      <object_component id="oc-7c8">
         <name>.text</name>
         <load_address>0x2000d370</load_address>
         <run_address>0x2000d370</run_address>
         <size>0x64</size>
         <input_file_ref idref="fl-fb"/>
      </object_component>
      <object_component id="oc-69d">
         <name>.text:uDMAChannelAttributeDisable</name>
         <load_address>0x2000d3d4</load_address>
         <run_address>0x2000d3d4</run_address>
         <size>0x64</size>
         <input_file_ref idref="fl-117"/>
      </object_component>
      <object_component id="oc-888">
         <name>.text:uDMAChannelAttributeEnable</name>
         <load_address>0x2000d438</load_address>
         <run_address>0x2000d438</run_address>
         <size>0x64</size>
         <input_file_ref idref="fl-117"/>
      </object_component>
      <object_component id="oc-86e">
         <name>.text:_sl_HandleAsync_Accept</name>
         <load_address>0x2000d49c</load_address>
         <run_address>0x2000d49c</run_address>
         <size>0x60</size>
         <input_file_ref idref="fl-111"/>
      </object_component>
      <object_component id="oc-1aa">
         <name>.text</name>
         <load_address>0x2000d4fc</load_address>
         <run_address>0x2000d4fc</run_address>
         <size>0x60</size>
         <input_file_ref idref="fl-da"/>
      </object_component>
      <object_component id="oc-fe">
         <name>.text:sl_WlanPolicySet</name>
         <load_address>0x2000d55c</load_address>
         <run_address>0x2000d55c</run_address>
         <size>0x60</size>
         <input_file_ref idref="fl-112"/>
      </object_component>
      <object_component id="oc-4be">
         <name>.text:_SlNonOsSemGet</name>
         <load_address>0x2000d5bc</load_address>
         <run_address>0x2000d5bc</run_address>
         <size>0x5c</size>
         <input_file_ref idref="fl-110"/>
      </object_component>
      <object_component id="oc-55b">
         <name>.text:_SlNonOsSpawn</name>
         <load_address>0x2000d618</load_address>
         <run_address>0x2000d618</run_address>
         <size>0x5c</size>
         <input_file_ref idref="fl-110"/>
      </object_component>
      <object_component id="oc-1d4">
         <name>.text</name>
         <load_address>0x2000d674</load_address>
         <run_address>0x2000d674</run_address>
         <size>0x5c</size>
         <input_file_ref idref="fl-7"/>
      </object_component>
      <object_component id="oc-622">
         <name>.text</name>
         <load_address>0x2000d6d0</load_address>
         <run_address>0x2000d6d0</run_address>
         <size>0x5c</size>
         <input_file_ref idref="fl-f1"/>
      </object_component>
      <object_component id="oc-18d">
         <name>.text:sl_Socket</name>
         <load_address>0x2000d72c</load_address>
         <run_address>0x2000d72c</run_address>
         <size>0x5c</size>
         <input_file_ref idref="fl-111"/>
      </object_component>
      <object_component id="oc-539">
         <name>.text:IntPendClear</name>
         <load_address>0x2000d788</load_address>
         <run_address>0x2000d788</run_address>
         <size>0x58</size>
         <input_file_ref idref="fl-103"/>
      </object_component>
      <object_component id="oc-355">
         <name>.text:PRCMPeripheralReset</name>
         <load_address>0x2000d7e0</load_address>
         <run_address>0x2000d7e0</run_address>
         <size>0x58</size>
         <input_file_ref idref="fl-105"/>
      </object_component>
      <object_component id="oc-617">
         <name>.text</name>
         <load_address>0x2000d838</load_address>
         <run_address>0x2000d838</run_address>
         <size>0x56</size>
         <input_file_ref idref="fl-ee"/>
      </object_component>
      <object_component id="oc-367">
         <name>.text:IntPrioritySet</name>
         <load_address>0x2000d890</load_address>
         <run_address>0x2000d890</run_address>
         <size>0x54</size>
         <input_file_ref idref="fl-103"/>
      </object_component>
      <object_component id="oc-87a">
         <name>.text:_sl_HandleAsync_Select</name>
         <load_address>0x2000d8e4</load_address>
         <run_address>0x2000d8e4</run_address>
         <size>0x54</size>
         <input_file_ref idref="fl-111"/>
      </object_component>
      <object_component id="oc-125">
         <name>.text:sl_WlanRxFilterSet</name>
         <load_address>0x2000d938</load_address>
         <run_address>0x2000d938</run_address>
         <size>0x54</size>
         <input_file_ref idref="fl-112"/>
      </object_component>
      <object_component id="oc-7af">
         <name>.text:_sl_HandleAsync_Stop</name>
         <load_address>0x2000d98c</load_address>
         <run_address>0x2000d98c</run_address>
         <size>0x50</size>
         <input_file_ref idref="fl-10c"/>
      </object_component>
      <object_component id="oc-504">
         <name>.text:SPIIntEnable</name>
         <load_address>0x2000d9dc</load_address>
         <run_address>0x2000d9dc</run_address>
         <size>0x4c</size>
         <input_file_ref idref="fl-116"/>
      </object_component>
      <object_component id="oc-6e9">
         <name>.text:SPIIntNumberGet</name>
         <load_address>0x2000da28</load_address>
         <run_address>0x2000da28</run_address>
         <size>0x4c</size>
         <input_file_ref idref="fl-116"/>
      </object_component>
      <object_component id="oc-299">
         <name>.text:_SlDrvProtectAsyncRespSetting</name>
         <load_address>0x2000da74</load_address>
         <run_address>0x2000da74</run_address>
         <size>0x4c</size>
         <input_file_ref idref="fl-10d"/>
      </object_component>
      <object_component id="oc-2c6">
         <name>.text:_SlDrvRxIrqHandler</name>
         <load_address>0x2000dac0</load_address>
         <run_address>0x2000dac0</run_address>
         <size>0x4c</size>
         <input_file_ref idref="fl-10d"/>
      </object_component>
      <object_component id="oc-402">
         <name>.text:_sl_BuildAddress</name>
         <load_address>0x2000db0c</load_address>
         <run_address>0x2000db0c</run_address>
         <size>0x4c</size>
         <input_file_ref idref="fl-111"/>
      </object_component>
      <object_component id="oc-63a">
         <name>.text</name>
         <load_address>0x2000db58</load_address>
         <run_address>0x2000db58</run_address>
         <size>0x4c</size>
         <input_file_ref idref="fl-e2"/>
      </object_component>
      <object_component id="oc-97">
         <name>.text</name>
         <load_address>0x2000dba4</load_address>
         <run_address>0x2000dba4</run_address>
         <size>0x4c</size>
         <input_file_ref idref="fl-e4"/>
      </object_component>
      <object_component id="oc-697">
         <name>.text:uDMAChannelAssign</name>
         <load_address>0x2000dbf0</load_address>
         <run_address>0x2000dbf0</run_address>
         <size>0x4c</size>
         <input_file_ref idref="fl-117"/>
      </object_component>
      <object_component id="oc-5e4">
         <name>.text:GPIOGetIntNumber</name>
         <load_address>0x2000dc3c</load_address>
         <run_address>0x2000dc3c</run_address>
         <size>0x48</size>
         <input_file_ref idref="fl-102"/>
      </object_component>
      <object_component id="oc-6b4">
         <name>.text:SPIIntClear</name>
         <load_address>0x2000dc84</load_address>
         <run_address>0x2000dc84</run_address>
         <size>0x48</size>
         <input_file_ref idref="fl-116"/>
      </object_component>
      <object_component id="oc-30e">
         <name>.text:_SlDrvBasicCmd</name>
         <load_address>0x2000dccc</load_address>
         <run_address>0x2000dccc</run_address>
         <size>0x48</size>
         <input_file_ref idref="fl-10d"/>
      </object_component>
      <object_component id="oc-612">
         <name>.text</name>
         <load_address>0x2000dd14</load_address>
         <run_address>0x2000dd14</run_address>
         <size>0x48</size>
         <input_file_ref idref="fl-ea"/>
      </object_component>
      <object_component id="oc-167">
         <name>.text</name>
         <load_address>0x2000dd5c</load_address>
         <run_address>0x2000dd5c</run_address>
         <size>0x48</size>
         <input_file_ref idref="fl-ce"/>
      </object_component>
      <object_component id="oc-6a8">
         <name>.text:SPIDmaMaskGet</name>
         <load_address>0x2000dda4</load_address>
         <run_address>0x2000dda4</run_address>
         <size>0x44</size>
         <input_file_ref idref="fl-116"/>
      </object_component>
      <object_component id="oc-35b">
         <name>.text:TimerConfigure</name>
         <load_address>0x2000dde8</load_address>
         <run_address>0x2000dde8</run_address>
         <size>0x44</size>
         <input_file_ref idref="fl-107"/>
      </object_component>
      <object_component id="oc-818">
         <name>.text:cc_SetupTransfer</name>
         <load_address>0x2000de2c</load_address>
         <run_address>0x2000de2c</run_address>
         <size>0x44</size>
         <input_file_ref idref="fl-113"/>
      </object_component>
      <object_component id="oc-6d">
         <name>.text</name>
         <load_address>0x2000de70</load_address>
         <run_address>0x2000de70</run_address>
         <size>0x44</size>
         <input_file_ref idref="fl-cc"/>
      </object_component>
      <object_component id="oc-199">
         <name>.text:sl_Htonl</name>
         <load_address>0x2000deb4</load_address>
         <run_address>0x2000deb4</run_address>
         <size>0x42</size>
         <input_file_ref idref="fl-111"/>
      </object_component>
      <object_component id="oc-65c">
         <name>.text:PinModeSet</name>
         <load_address>0x2000def8</load_address>
         <run_address>0x2000def8</run_address>
         <size>0x40</size>
         <input_file_ref idref="fl-104"/>
      </object_component>
      <object_component id="oc-2a5">
         <name>.text:NwpRegisterInterruptHandler</name>
         <load_address>0x2000df38</load_address>
         <run_address>0x2000df38</run_address>
         <size>0x3e</size>
         <input_file_ref idref="fl-113"/>
      </object_component>
      <object_component id="oc-865">
         <name>.text:CopyPingResultsToReport</name>
         <load_address>0x2000df76</load_address>
         <run_address>0x2000df76</run_address>
         <size>0x3c</size>
         <input_file_ref idref="fl-10e"/>
      </object_component>
      <object_component id="oc-34f">
         <name>.text:PRCMPeripheralClkEnable</name>
         <load_address>0x2000dfb4</load_address>
         <run_address>0x2000dfb4</run_address>
         <size>0x3c</size>
         <input_file_ref idref="fl-105"/>
      </object_component>
      <object_component id="oc-412">
         <name>.text:_sl_TruncatePayloadByProtocol</name>
         <load_address>0x2000dff0</load_address>
         <run_address>0x2000dff0</run_address>
         <size>0x3c</size>
         <input_file_ref idref="fl-111"/>
      </object_component>
      <object_component id="oc-24">
         <name>.text</name>
         <load_address>0x2000e02c</load_address>
         <run_address>0x2000e02c</run_address>
         <size>0x3c</size>
         <input_file_ref idref="fl-c8"/>
      </object_component>
      <object_component id="oc-193">
         <name>.text:sl_Htons</name>
         <load_address>0x2000e068</load_address>
         <run_address>0x2000e068</run_address>
         <size>0x3c</size>
         <input_file_ref idref="fl-111"/>
      </object_component>
      <object_component id="oc-882">
         <name>.text:uDMAChannelControlSet</name>
         <load_address>0x2000e0a4</load_address>
         <run_address>0x2000e0a4</run_address>
         <size>0x3c</size>
         <input_file_ref idref="fl-117"/>
      </object_component>
      <object_component id="oc-29f">
         <name>.text:NwpPowerOff</name>
         <load_address>0x2000e0e0</load_address>
         <run_address>0x2000e0e0</run_address>
         <size>0x38</size>
         <input_file_ref idref="fl-113"/>
      </object_component>
      <object_component id="oc-1a5">
         <name>.text</name>
         <load_address>0x2000e118</load_address>
         <run_address>0x2000e118</run_address>
         <size>0x38</size>
         <input_file_ref idref="fl-d1"/>
      </object_component>
      <object_component id="oc-153">
         <name>.text</name>
         <load_address>0x2000e150</load_address>
         <run_address>0x2000e150</run_address>
         <size>0x38</size>
         <input_file_ref idref="fl-d3"/>
      </object_component>
      <object_component id="oc-147">
         <name>.text:GPIODirModeSet</name>
         <load_address>0x2000e188</load_address>
         <run_address>0x2000e188</run_address>
         <size>0x36</size>
         <input_file_ref idref="fl-102"/>
      </object_component>
      <object_component id="oc-11c">
         <name>.text:sl_NetAppMDNSUnRegisterService</name>
         <load_address>0x2000e1be</load_address>
         <run_address>0x2000e1be</run_address>
         <size>0x36</size>
         <input_file_ref idref="fl-10e"/>
      </object_component>
      <object_component id="oc-4e0">
         <name>.text:PRCMPeripheralStatusGet</name>
         <load_address>0x2000e1f4</load_address>
         <run_address>0x2000e1f4</run_address>
         <size>0x34</size>
         <input_file_ref idref="fl-105"/>
      </object_component>
      <object_component id="oc-4f8">
         <name>.text:SPIFIFOLevelSet</name>
         <load_address>0x2000e228</load_address>
         <run_address>0x2000e228</run_address>
         <size>0x34</size>
         <input_file_ref idref="fl-116"/>
      </object_component>
      <object_component id="oc-451">
         <name>.text:PinTypeGPIO</name>
         <load_address>0x2000e25c</load_address>
         <run_address>0x2000e25c</run_address>
         <size>0x30</size>
         <input_file_ref idref="fl-104"/>
      </object_component>
      <object_component id="oc-495">
         <name>.text:UARTDisable</name>
         <load_address>0x2000e28c</load_address>
         <run_address>0x2000e28c</run_address>
         <size>0x30</size>
         <input_file_ref idref="fl-108"/>
      </object_component>
      <object_component id="oc-6f2">
         <name>.text:_SlDrvDeviceEventHandler</name>
         <load_address>0x2000e2bc</load_address>
         <run_address>0x2000e2bc</run_address>
         <size>0x30</size>
         <input_file_ref idref="fl-10c"/>
      </object_component>
      <object_component id="oc-7db">
         <name>.text</name>
         <load_address>0x2000e2ec</load_address>
         <run_address>0x2000e2ec</run_address>
         <size>0x30</size>
         <input_file_ref idref="fl-f4"/>
      </object_component>
      <object_component id="oc-47f">
         <name>.text:sl_Close</name>
         <load_address>0x2000e31c</load_address>
         <run_address>0x2000e31c</run_address>
         <size>0x30</size>
         <input_file_ref idref="fl-111"/>
      </object_component>
      <object_component id="oc-104">
         <name>.text:sl_WlanProfileDel</name>
         <load_address>0x2000e34c</load_address>
         <run_address>0x2000e34c</run_address>
         <size>0x30</size>
         <input_file_ref idref="fl-112"/>
      </object_component>
      <object_component id="oc-ec">
         <name>.text:sl_WlanSetMode</name>
         <load_address>0x2000e37c</load_address>
         <run_address>0x2000e37c</run_address>
         <size>0x30</size>
         <input_file_ref idref="fl-112"/>
      </object_component>
      <object_component id="oc-15d">
         <name>.text</name>
         <load_address>0x2000e3ac</load_address>
         <run_address>0x2000e3ac</run_address>
         <size>0x2e</size>
         <input_file_ref idref="fl-d2"/>
      </object_component>
      <object_component id="oc-2ab">
         <name>.text:NwpPowerOn</name>
         <load_address>0x2000e3dc</load_address>
         <run_address>0x2000e3dc</run_address>
         <size>0x2c</size>
         <input_file_ref idref="fl-113"/>
      </object_component>
      <object_component id="oc-444">
         <name>.text:PRCMSysResetCauseGet</name>
         <load_address>0x2000e408</load_address>
         <run_address>0x2000e408</run_address>
         <size>0x2c</size>
         <input_file_ref idref="fl-105"/>
      </object_component>
      <object_component id="oc-385">
         <name>.text:TimerLoadSet</name>
         <load_address>0x2000e434</load_address>
         <run_address>0x2000e434</run_address>
         <size>0x2a</size>
         <input_file_ref idref="fl-107"/>
      </object_component>
      <object_component id="oc-361">
         <name>.text:TimerPrescaleSet</name>
         <load_address>0x2000e45e</load_address>
         <run_address>0x2000e45e</run_address>
         <size>0x2a</size>
         <input_file_ref idref="fl-107"/>
      </object_component>
      <object_component id="oc-43e">
         <name>.text:PRCMPeripheralClkDisable</name>
         <load_address>0x2000e488</load_address>
         <run_address>0x2000e488</run_address>
         <size>0x28</size>
         <input_file_ref idref="fl-105"/>
      </object_component>
      <object_component id="oc-516">
         <name>.text:DmaSpiSwIntHandler</name>
         <load_address>0x2000e4b0</load_address>
         <run_address>0x2000e4b0</run_address>
         <size>0x24</size>
         <input_file_ref idref="fl-113"/>
      </object_component>
      <object_component id="oc-533">
         <name>.text:IntUnregister</name>
         <load_address>0x2000e4d4</load_address>
         <run_address>0x2000e4d4</run_address>
         <size>0x24</size>
         <input_file_ref idref="fl-103"/>
      </object_component>
      <object_component id="oc-49b">
         <name>.text:UARTEnable</name>
         <load_address>0x2000e4f8</load_address>
         <run_address>0x2000e4f8</run_address>
         <size>0x24</size>
         <input_file_ref idref="fl-108"/>
      </object_component>
      <object_component id="oc-3e1">
         <name>.text:_SlDrvProtectionObjLockWaitForever</name>
         <load_address>0x2000e51c</load_address>
         <run_address>0x2000e51c</run_address>
         <size>0x24</size>
         <input_file_ref idref="fl-10d"/>
      </object_component>
      <object_component id="oc-245">
         <name>.text</name>
         <load_address>0x2000e540</load_address>
         <run_address>0x2000e540</run_address>
         <size>0x24</size>
         <input_file_ref idref="fl-d5"/>
      </object_component>
      <object_component id="oc-4d4">
         <name>.text:SPIReset</name>
         <load_address>0x2000e564</load_address>
         <run_address>0x2000e564</run_address>
         <size>0x22</size>
         <input_file_ref idref="fl-116"/>
      </object_component>
      <object_component id="oc-798">
         <name>.text:SPIWordCountSet</name>
         <load_address>0x2000e586</load_address>
         <run_address>0x2000e586</run_address>
         <size>0x22</size>
         <input_file_ref idref="fl-116"/>
      </object_component>
      <object_component id="oc-3c6">
         <name>.text:GPIOPinWrite</name>
         <load_address>0x2000e5a8</load_address>
         <run_address>0x2000e5a8</run_address>
         <size>0x20</size>
         <input_file_ref idref="fl-102"/>
      </object_component>
      <object_component id="oc-4fe">
         <name>.text:IntRegister</name>
         <load_address>0x2000e5c8</load_address>
         <run_address>0x2000e5c8</run_address>
         <size>0x20</size>
         <input_file_ref idref="fl-103"/>
      </object_component>
      <object_component id="oc-3e7">
         <name>.text:_SlDrvProtectionObjUnLock</name>
         <load_address>0x2000e5e8</load_address>
         <run_address>0x2000e5e8</run_address>
         <size>0x20</size>
         <input_file_ref idref="fl-10d"/>
      </object_component>
      <object_component id="oc-74f">
         <name>.text</name>
         <load_address>0x2000e608</load_address>
         <run_address>0x2000e608</run_address>
         <size>0x20</size>
         <input_file_ref idref="fl-f0"/>
      </object_component>
      <object_component id="oc-3b4">
         <name>.text:GPIOIntRegister</name>
         <load_address>0x2000e628</load_address>
         <run_address>0x2000e628</run_address>
         <size>0x1e</size>
         <input_file_ref idref="fl-102"/>
      </object_component>
      <object_component id="oc-391">
         <name>.text:TimerDisable</name>
         <load_address>0x2000e646</load_address>
         <run_address>0x2000e646</run_address>
         <size>0x1e</size>
         <input_file_ref idref="fl-107"/>
      </object_component>
      <object_component id="oc-38b">
         <name>.text:TimerEnable</name>
         <load_address>0x2000e664</load_address>
         <run_address>0x2000e664</run_address>
         <size>0x1e</size>
         <input_file_ref idref="fl-107"/>
      </object_component>
      <object_component id="oc-379">
         <name>.text:TimerIntStatus</name>
         <load_address>0x2000e682</load_address>
         <run_address>0x2000e682</run_address>
         <size>0x1e</size>
         <input_file_ref idref="fl-107"/>
      </object_component>
      <object_component id="oc-22d">
         <name>.text:UARTCharPut</name>
         <load_address>0x2000e6a0</load_address>
         <run_address>0x2000e6a0</run_address>
         <size>0x1e</size>
         <input_file_ref idref="fl-108"/>
      </object_component>
      <object_component id="oc-57f">
         <name>.text:_SlDrvObjLockWaitForever</name>
         <load_address>0x2000e6be</load_address>
         <run_address>0x2000e6be</run_address>
         <size>0x1e</size>
         <input_file_ref idref="fl-10d"/>
      </object_component>
      <object_component id="oc-2b1">
         <name>.text:_SlDrvSyncObjWaitForever</name>
         <load_address>0x2000e6dc</load_address>
         <run_address>0x2000e6dc</run_address>
         <size>0x1e</size>
         <input_file_ref idref="fl-10d"/>
      </object_component>
      <object_component id="oc-4e6">
         <name>.text:cc_UDMAChannelSelect</name>
         <load_address>0x2000e6fa</load_address>
         <run_address>0x2000e6fa</run_address>
         <size>0x1e</size>
         <input_file_ref idref="fl-113"/>
      </object_component>
      <object_component id="oc-3a3">
         <name>.text:TimerValueGet</name>
         <load_address>0x2000e718</load_address>
         <run_address>0x2000e718</run_address>
         <size>0x1c</size>
         <input_file_ref idref="fl-107"/>
      </object_component>
      <object_component id="oc-23f">
         <name>.text:UARTCharGetNonBlocking</name>
         <load_address>0x2000e734</load_address>
         <run_address>0x2000e734</run_address>
         <size>0x1c</size>
         <input_file_ref idref="fl-108"/>
      </object_component>
      <object_component id="oc-634">
         <name>.text</name>
         <load_address>0x2000e750</load_address>
         <run_address>0x2000e750</run_address>
         <size>0x1c</size>
         <input_file_ref idref="fl-ef"/>
      </object_component>
      <object_component id="oc-894">
         <name>.text:uDMAChannelEnable</name>
         <load_address>0x2000e76c</load_address>
         <run_address>0x2000e76c</run_address>
         <size>0x1c</size>
         <input_file_ref idref="fl-117"/>
      </object_component>
      <object_component id="oc-3c0">
         <name>.text:GPIOIntEnable</name>
         <load_address>0x2000e788</load_address>
         <run_address>0x2000e788</run_address>
         <size>0x1a</size>
         <input_file_ref idref="fl-102"/>
      </object_component>
      <object_component id="oc-44b">
         <name>.text:PinTypeUART</name>
         <load_address>0x2000e7a2</load_address>
         <run_address>0x2000e7a2</run_address>
         <size>0x1a</size>
         <input_file_ref idref="fl-104"/>
      </object_component>
      <object_component id="oc-5a8">
         <name>.text:SPIDmaDisable</name>
         <load_address>0x2000e7bc</load_address>
         <run_address>0x2000e7bc</run_address>
         <size>0x1a</size>
         <input_file_ref idref="fl-116"/>
      </object_component>
      <object_component id="oc-4f2">
         <name>.text:SPIDmaEnable</name>
         <load_address>0x2000e7d6</load_address>
         <run_address>0x2000e7d6</run_address>
         <size>0x1a</size>
         <input_file_ref idref="fl-116"/>
      </object_component>
      <object_component id="oc-5a2">
         <name>.text:SPIFIFODisable</name>
         <load_address>0x2000e7f0</load_address>
         <run_address>0x2000e7f0</run_address>
         <size>0x1a</size>
         <input_file_ref idref="fl-116"/>
      </object_component>
      <object_component id="oc-4ec">
         <name>.text:SPIFIFOEnable</name>
         <load_address>0x2000e80a</load_address>
         <run_address>0x2000e80a</run_address>
         <size>0x1a</size>
         <input_file_ref idref="fl-116"/>
      </object_component>
      <object_component id="oc-59c">
         <name>.text:SPIIntUnregister</name>
         <load_address>0x2000e824</load_address>
         <run_address>0x2000e824</run_address>
         <size>0x1a</size>
         <input_file_ref idref="fl-116"/>
      </object_component>
      <object_component id="oc-591">
         <name>.text:_SlDrvObjUnLock</name>
         <load_address>0x2000e83e</load_address>
         <run_address>0x2000e83e</run_address>
         <size>0x1a</size>
         <input_file_ref idref="fl-10d"/>
      </object_component>
      <object_component id="oc-54e">
         <name>.text:_SlDrvSyncObjSignal</name>
         <load_address>0x2000e858</load_address>
         <run_address>0x2000e858</run_address>
         <size>0x1a</size>
         <input_file_ref idref="fl-10d"/>
      </object_component>
      <object_component id="oc-3cc">
         <name>.text:GPIOPinRead</name>
         <load_address>0x2000e872</load_address>
         <run_address>0x2000e872</run_address>
         <size>0x18</size>
         <input_file_ref idref="fl-102"/>
      </object_component>
      <object_component id="oc-4c8">
         <name>.text:SPICSDisable</name>
         <load_address>0x2000e88a</load_address>
         <run_address>0x2000e88a</run_address>
         <size>0x18</size>
         <input_file_ref idref="fl-116"/>
      </object_component>
      <object_component id="oc-792">
         <name>.text:SPICSEnable</name>
         <load_address>0x2000e8a2</load_address>
         <run_address>0x2000e8a2</run_address>
         <size>0x18</size>
         <input_file_ref idref="fl-116"/>
      </object_component>
      <object_component id="oc-4ce">
         <name>.text:SPIDisable</name>
         <load_address>0x2000e8ba</load_address>
         <run_address>0x2000e8ba</run_address>
         <size>0x18</size>
         <input_file_ref idref="fl-116"/>
      </object_component>
      <object_component id="oc-50a">
         <name>.text:SPIEnable</name>
         <load_address>0x2000e8d2</load_address>
         <run_address>0x2000e8d2</run_address>
         <size>0x18</size>
         <input_file_ref idref="fl-116"/>
      </object_component>
      <object_component id="oc-397">
         <name>.text:TimerIntDisable</name>
         <load_address>0x2000e8ea</load_address>
         <run_address>0x2000e8ea</run_address>
         <size>0x18</size>
         <input_file_ref idref="fl-107"/>
      </object_component>
      <object_component id="oc-373">
         <name>.text:TimerIntEnable</name>
         <load_address>0x2000e902</load_address>
         <run_address>0x2000e902</run_address>
         <size>0x18</size>
         <input_file_ref idref="fl-107"/>
      </object_component>
      <object_component id="oc-239">
         <name>.text:UARTCharsAvail</name>
         <load_address>0x2000e91a</load_address>
         <run_address>0x2000e91a</run_address>
         <size>0x18</size>
         <input_file_ref idref="fl-108"/>
      </object_component>
      <object_component id="oc-4b8">
         <name>.text:_SlNonOsSemSet</name>
         <load_address>0x2000e932</load_address>
         <run_address>0x2000e932</run_address>
         <size>0x18</size>
         <input_file_ref idref="fl-110"/>
      </object_component>
      <object_component id="oc-2bd">
         <name>.text:_sl_GetStartResponseConvert</name>
         <load_address>0x2000e94c</load_address>
         <run_address>0x2000e94c</run_address>
         <size>0x18</size>
         <input_file_ref idref="fl-10c"/>
      </object_component>
      <object_component id="oc-67">
         <name>.text</name>
         <load_address>0x2000e964</load_address>
         <run_address>0x2000e964</run_address>
         <size>0x18</size>
         <input_file_ref idref="fl-e1"/>
      </object_component>
      <object_component id="oc-46c">
         <name>.text</name>
         <load_address>0x2000e97c</load_address>
         <run_address>0x2000e97c</run_address>
         <size>0x18</size>
         <input_file_ref idref="fl-dc"/>
      </object_component>
      <object_component id="oc-432">
         <name>.text:PRCMHIBRegRead</name>
         <load_address>0x2000e994</load_address>
         <run_address>0x2000e994</run_address>
         <size>0x16</size>
         <input_file_ref idref="fl-105"/>
      </object_component>
      <object_component id="oc-438">
         <name>.text:PRCMHIBRegWrite</name>
         <load_address>0x2000e9aa</load_address>
         <run_address>0x2000e9aa</run_address>
         <size>0x16</size>
         <input_file_ref idref="fl-105"/>
      </object_component>
      <object_component id="oc-32d">
         <name>.text:_SlDrvMemZero</name>
         <load_address>0x2000e9c0</load_address>
         <run_address>0x2000e9c0</run_address>
         <size>0x16</size>
         <input_file_ref idref="fl-10d"/>
      </object_component>
      <object_component id="oc-62e">
         <name>.text</name>
         <load_address>0x2000e9d6</load_address>
         <run_address>0x2000e9d6</run_address>
         <size>0x16</size>
         <input_file_ref idref="fl-f3"/>
      </object_component>
      <object_component id="oc-427">
         <name>.text:CPUcpsie</name>
         <load_address>0x2000e9ec</load_address>
         <run_address>0x2000e9ec</run_address>
         <size>0x14</size>
         <input_file_ref idref="fl-10a"/>
      </object_component>
      <object_component id="oc-3ba">
         <name>.text:GPIOIntClear</name>
         <load_address>0x2000ea00</load_address>
         <run_address>0x2000ea00</run_address>
         <size>0x14</size>
         <input_file_ref idref="fl-102"/>
      </object_component>
      <object_component id="oc-1bc">
         <name>.text:IntVTableBaseSet</name>
         <load_address>0x2000ea14</load_address>
         <run_address>0x2000ea14</run_address>
         <size>0x14</size>
         <input_file_ref idref="fl-103"/>
      </object_component>
      <object_component id="oc-20c">
         <name>.text</name>
         <load_address>0x2000ea28</load_address>
         <run_address>0x2000ea28</run_address>
         <size>0x14</size>
         <input_file_ref idref="fl-df"/>
      </object_component>
      <object_component id="oc-8b0">
         <name>.text</name>
         <load_address>0x2000ea3c</load_address>
         <run_address>0x2000ea3c</run_address>
         <size>0x14</size>
         <input_file_ref idref="fl-fe"/>
      </object_component>
      <object_component id="oc-13b">
         <name>.text</name>
         <load_address>0x2000ea50</load_address>
         <run_address>0x2000ea50</run_address>
         <size>0x14</size>
         <input_file_ref idref="fl-dd"/>
      </object_component>
[...]
      </symbol>
      <symbol id="sm-103f">
         <name>_SlDrvRxIrqHandler</name>
         <value>0x2000dac1</value>
         <object_component_ref idref="oc-2c6"/>
      </symbol>
      <symbol id="sm-1040">
         <name>_SlDrvMsgRead</name>
         <value>0x20007b09</value>
         <object_component_ref idref="oc-6d2"/>
      </symbol>
      <symbol id="sm-1041">
         <name>_SlDrvSyncObjWaitForever</name>
         <value>0x2000e6dd</value>
         <object_component_ref idref="oc-2b1"/>
      </symbol>
      <symbol id="sm-1042">
         <name>g_H2NSyncPattern</name>
         <value>0x2000f160</value>
         <object_component_ref idref="oc-5b3"/>
      </symbol>
      <symbol id="sm-1043">
         <name>_SlDrvCmdSend</name>
         <value>0x2000cfbd</value>
         <object_component_ref idref="oc-8c1"/>
      </symbol>
      <symbol id="sm-1044">
         <name>_SlActionLookupTable</name>
         <value>0x2000f128</value>
         <object_component_ref idref="oc-812"/>
      </symbol>
      <symbol id="sm-10d6">
         <name>sl_NetAppMDNSUnRegisterService</name>
         <value>0x2000e1bf</value>
         <object_component_ref idref="oc-11c"/>
      </symbol>
      <symbol id="sm-10d7">
         <name>_SlNetAppSendTokenValueCmdCtrl</name>
         <value>0x2000f210</value>
         <object_component_ref idref="oc-3ed"/>
      </symbol>
      <symbol id="sm-10d8">
         <name>_SlGetServiceListeCtrl</name>
         <value>0x2000f1fc</value>
         <object_component_ref idref="oc-3ed"/>
      </symbol>
      <symbol id="sm-10d9">
         <name>_SlNetAppStopCtrl</name>
         <value>0x2000f1f8</value>
         <object_component_ref idref="oc-3ed"/>
      </symbol>
      <symbol id="sm-10da">
         <name>_SlNetAppSetCmdCtrl</name>
         <value>0x2000f20c</value>
         <object_component_ref idref="oc-3ed"/>
      </symbol>
      <symbol id="sm-10db">
         <name>_SlNetAppGetCmdCtrl</name>
         <value>0x2000f214</value>
         <object_component_ref idref="oc-3ed"/>
      </symbol>
      <symbol id="sm-10dc">
         <name>sl_NetAppDnsGetHostByName</name>
         <value>0x2000adb5</value>
         <object_component_ref idref="oc-187"/>
      </symbol>
      <symbol id="sm-10dd">
         <name>_sl_HandleAsync_DnsGetHostByName</name>
         <value>0x2000c565</value>
         <object_component_ref idref="oc-852"/>
      </symbol>
      <symbol id="sm-10de">
         <name>_SlRegisterServiceCtrl</name>
         <value>0x2000f200</value>
         <object_component_ref idref="oc-3ed"/>
      </symbol>
      <symbol id="sm-10df">
         <name>_sl_HandleAsync_PingResponse</name>
         <value>0x2000c5f1</value>
         <object_component_ref idref="oc-7fe"/>
      </symbol>
      <symbol id="sm-10e0">
         <name>_SlNetAppStartCtrl</name>
         <value>0x2000f1f4</value>
         <object_component_ref idref="oc-3ed"/>
      </symbol>
      <symbol id="sm-10e1">
         <name>_SlDrvNetAppEventHandler</name>
         <value>0x2000afb9</value>
         <object_component_ref idref="oc-7f8"/>
      </symbol>
      <symbol id="sm-10e2">
         <name>_sl_HandleAsync_DnsGetHostByService</name>
         <value>0x2000b7b5</value>
         <object_component_ref idref="oc-858"/>
      </symbol>
      <symbol id="sm-10e3">
         <name>_sl_NetAppSendTokenValue</name>
         <value>0x2000d169</value>
         <object_component_ref idref="oc-85e"/>
      </symbol>
      <symbol id="sm-10e4">
         <name>CopyPingResultsToReport</name>
         <value>0x2000df77</value>
         <object_component_ref idref="oc-865"/>
      </symbol>
      <symbol id="sm-10e5">
         <name>_SlGetHostByNameCtrl</name>
         <value>0x2000f208</value>
         <object_component_ref idref="oc-3ed"/>
      </symbol>
      <symbol id="sm-10e6">
         <name>_SlGetHostByServiceCtrl</name>
         <value>0x2000f204</value>
         <object_component_ref idref="oc-3ed"/>
      </symbol>
      <symbol id="sm-10e7">
         <name>sl_NetAppMDNSRegisterUnregisterService</name>
         <value>0x2000bc39</value>
         <object_component_ref idref="oc-320"/>
      </symbol>
      <symbol id="sm-1104">
         <name>_SlNetCfgSetCmdCtrl</name>
         <value>0x2000f300</value>
         <object_component_ref idref="oc-315"/>
      </symbol>
      <symbol id="sm-1105">
         <name>_SlNetCfgGetCmdCtrl</name>
         <value>0x2000f304</value>
         <object_component_ref idref="oc-315"/>
      </symbol>
      <symbol id="sm-1106">
         <name>sl_NetCfgSet</name>
         <value>0x2000d239</value>
         <object_component_ref idref="oc-110"/>
      </symbol>
      <symbol id="sm-1148">
         <name>_SlNonOsSemSet</name>
         <value>0x2000e933</value>
         <object_component_ref idref="oc-4b8"/>
      </symbol>
      <symbol id="sm-1149">
         <name>_SlNonOsSpawn</name>
         <value>0x2000d619</value>
         <object_component_ref idref="oc-55b"/>
      </symbol>
      <symbol id="sm-114a">
         <name>_SlNonOsSemGet</name>
         <value>0x2000d5bd</value>
         <object_component_ref idref="oc-4be"/>
      </symbol>
      <symbol id="sm-114b">
         <name>_SlNonOsMainLoopTask</name>
         <value>0x2000cedd</value>
         <object_component_ref idref="oc-e6"/>
      </symbol>
      <symbol id="sm-114c">
         <name>g__SlNonOsCB</name>
         <value>0x20017b78</value>
         <object_component_ref idref="oc-2d3"/>
      </symbol>
      <symbol id="sm-120e">
         <name>sl_Recv</name>
         <value>0x2000cdf9</value>
         <object_component_ref idref="oc-1b6"/>
      </symbol>
      <symbol id="sm-120f">
         <name>_SlSockCloseCmdCtrl</name>
         <value>0x2000f198</value>
         <object_component_ref idref="oc-3f6"/>
      </symbol>
      <symbol id="sm-1210">
         <name>_SlSendCmdCtrl</name>
         <value>0x2000f1a0</value>
         <object_component_ref idref="oc-3f6"/>
      </symbol>
      <symbol id="sm-1211">
         <name>_sl_BuildAddress</name>
         <value>0x2000db0d</value>
         <object_component_ref idref="oc-402"/>
      </symbol>
      <symbol id="sm-1212">
         <name>sl_Send</name>
         <value>0x2000acad</value>
         <object_component_ref idref="oc-1b0"/>
      </symbol>
      <symbol id="sm-1213">
         <name>_sl_HandleAsync_Connect</name>
         <value>0x2000cc91</value>
         <object_component_ref idref="oc-874"/>
      </symbol>
      <symbol id="sm-1214">
         <name>sl_Htonl</name>
         <value>0x2000deb5</value>
         <object_component_ref idref="oc-199"/>
      </symbol>
      <symbol id="sm-1215">
         <name>sl_Htons</name>
         <value>0x2000e069</value>
         <object_component_ref idref="oc-193"/>
      </symbol>
      <symbol id="sm-1216">
         <name>_SlSelectCmdCtrl</name>
         <value>0x2000f1b8</value>
         <object_component_ref idref="oc-3f6"/>
      </symbol>
      <symbol id="sm-1217">
         <name>sl_Connect</name>
         <value>0x2000aba5</value>
         <object_component_ref idref="oc-19f"/>
      </symbol>
      <symbol id="sm-1218">
         <name>sl_Socket</name>
         <value>0x2000d72d</value>
         <object_component_ref idref="oc-18d"/>
      </symbol>
      <symbol id="sm-1219">
         <name>_sl_HandleAsync_Select</name>
         <value>0x2000d8e5</value>
         <object_component_ref idref="oc-87a"/>
      </symbol>
      <symbol id="sm-121a">
         <name>_SlSockSocketCmdCtrl</name>
         <value>0x2000f194</value>
         <object_component_ref idref="oc-3f6"/>
      </symbol>
      <symbol id="sm-121b">
         <name>_SlRecvfomCmdCtrl</name>
         <value>0x2000f19c</value>
         <object_component_ref idref="oc-3f6"/>
      </symbol>
      <symbol id="sm-121c">
         <name>_SlSetSockOptCmdCtrl</name>
         <value>0x2000f1b0</value>
         <object_component_ref idref="oc-3f6"/>
      </symbol>
      <symbol id="sm-121d">
         <name>_SlAcceptCmdCtrl</name>
         <value>0x2000f1a8</value>
         <object_component_ref idref="oc-3f6"/>
      </symbol>
      <symbol id="sm-121e">
         <name>_SlPayloadByProtocolLUT</name>
         <value>0x2000f2d8</value>
         <object_component_ref idref="oc-64e"/>
      </symbol>
      <symbol id="sm-121f">
         <name>_SlListenCmdCtrl</name>
         <value>0x2000f1a4</value>
         <object_component_ref idref="oc-3f6"/>
      </symbol>
      <symbol id="sm-1220">
         <name>_SlRecvCmdCtrl</name>
         <value>0x2000f1ac</value>
         <object_component_ref idref="oc-3f6"/>
      </symbol>
      <symbol id="sm-1221">
         <name>_SlGetSockOptCmdCtrl</name>
         <value>0x2000f1b4</value>
         <object_component_ref idref="oc-3f6"/>
      </symbol>
      <symbol id="sm-1222">
         <name>_sl_TruncatePayloadByProtocol</name>
         <value>0x2000dff1</value>
         <object_component_ref idref="oc-412"/>
      </symbol>
      <symbol id="sm-1223">
         <name>sl_Close</name>
         <value>0x2000e31d</value>
         <object_component_ref idref="oc-47f"/>
      </symbol>
      <symbol id="sm-1224">
         <name>_sl_HandleAsync_Accept</name>
         <value>0x2000d49d</value>
         <object_component_ref idref="oc-86e"/>
      </symbol>
      <symbol id="sm-12b2">
         <name>sl_WlanDisconnect</name>
         <value>0x2000ead1</value>
         <object_component_ref idref="oc-10a"/>
      </symbol>
      <symbol id="sm-12b3">
         <name>_SlPolicyGetCmdCtrl</name>
         <value>0x2000f0f0</value>
         <object_component_ref idref="oc-2e1"/>
      </symbol>
      <symbol id="sm-12b4">
         <name>_SlPolicySetCmdCtrl</name>
         <value>0x2000f0ec</value>
         <object_component_ref idref="oc-2e1"/>
      </symbol>
      <symbol id="sm-12b5">
         <name>_SlRxFilterGetCmdCtrl</name>
         <value>0x2000f108</value>
         <object_component_ref idref="oc-2e1"/>
      </symbol>
      <symbol id="sm-12b6">
         <name>_SlRxFilterSetCmdCtrl</name>
         <value>0x2000f104</value>
         <object_component_ref idref="oc-2e1"/>
      </symbol>
      <symbol id="sm-12b7">
         <name>_SlProfileGetCmdCtrl</name>
         <value>0x2000f0f4</value>
         <object_component_ref idref="oc-2e1"/>
      </symbol>
      <symbol id="sm-12b8">
         <name>_SlWlanGetNetworkListCtrl</name>
         <value>0x2000f0fc</value>
         <object_component_ref idref="oc-2e1"/>
      </symbol>
      <symbol id="sm-12b9">
         <name>sl_WlanPolicySet</name>
         <value>0x2000d55d</value>
         <object_component_ref idref="oc-fe"/>
      </symbol>
      <symbol id="sm-12ba">
         <name>_SlProfileDelCmdCtrl</name>
         <value>0x2000f0f8</value>
         <object_component_ref idref="oc-2e1"/>
      </symbol>
      <symbol id="sm-12bb">
         <name>_SlWlanSetModeCmdCtrl</name>
         <value>0x2000f110</value>
         <object_component_ref idref="oc-2e1"/>
      </symbol>
      <symbol id="sm-12bc">
         <name>_SlWlanCfgSetCmdCtrl</name>
         <value>0x2000f114</value>
         <object_component_ref idref="oc-2e1"/>
      </symbol>
      <symbol id="sm-12bd">
         <name>_SlWlanCfgGetCmdCtrl</name>
         <value>0x2000f118</value>
         <object_component_ref idref="oc-2e1"/>
      </symbol>
      <symbol id="sm-12be">
         <name>sl_WlanProfileDel</name>
         <value>0x2000e34d</value>
         <object_component_ref idref="oc-104"/>
      </symbol>
      <symbol id="sm-12bf">
         <name>_SlRxFilterAddtCmdCtrl</name>
         <value>0x2000f100</value>
         <object_component_ref idref="oc-2e1"/>
      </symbol>
      <symbol id="sm-12c0">
         <name>sl_WlanRxFilterSet</name>
         <value>0x2000d939</value>
         <object_component_ref idref="oc-125"/>
      </symbol>
      <symbol id="sm-12c1">
         <name>sl_WlanConnect</name>
         <value>0x2000931d</value>
         <object_component_ref idref="oc-12f"/>
      </symbol>
      <symbol id="sm-12c2">
         <name>sl_WlanSet</name>
         <value>0x2000d2a1</value>
         <object_component_ref idref="oc-116"/>
      </symbol>
      <symbol id="sm-12c3">
         <name>_SlSmartConfigStartCmdCtrl</name>
         <value>0x2000f10c</value>
         <object_component_ref idref="oc-2e1"/>
      </symbol>
      <symbol id="sm-12c4">
         <name>sl_WlanSetMode</name>
         <value>0x2000e37d</value>
         <object_component_ref idref="oc-ec"/>
      </symbol>
      <symbol id="sm-13db">
         <name>g_cDummy</name>
         <value>0x20017bf9</value>
      </symbol>
      <symbol id="sm-13dc">
         <name>NwpMaskInterrupt</name>
         <value>0x2000eaa1</value>
         <object_component_ref idref="oc-526"/>
      </symbol>
      <symbol id="sm-13dd">
         <name>NwpRegisterInterruptHandler</name>
         <value>0x2000df39</value>
         <object_component_ref idref="oc-2a5"/>
      </symbol>
      <symbol id="sm-13de">
         <name>NwpPowerOnPreamble</name>
         <value>0x2000c899</value>
         <object_component_ref idref="oc-287"/>
      </symbol>
      <symbol id="sm-13df">
         <name>g_pHostIntHdl</name>
         <value>0x20018728</value>
         <object_component_ref idref="oc-510"/>
      </symbol>
      <symbol id="sm-13e0">
         <name>NwpUnMaskInterrupt</name>
         <value>0x2000eaad</value>
         <object_component_ref idref="oc-540"/>
      </symbol>
      <symbol id="sm-13e1">
         <name>g_ucDinDout</name>
         <value>0x20017b28</value>
         <object_component_ref idref="oc-513"/>
      </symbol>
      <symbol id="sm-13e2">
         <name>NwpPowerOff</name>
         <value>0x2000e0e1</value>
         <object_component_ref idref="oc-29f"/>
      </symbol>
      <symbol id="sm-13e3">
         <name>spi_Read</name>
         <value>0x2000b1b5</value>
         <object_component_ref idref="oc-77b"/>
      </symbol>
      <symbol id="sm-13e4">
         <name>DmaSpiSwIntHandler</name>
         <value>0x2000e4b1</value>
         <object_component_ref idref="oc-516"/>
      </symbol>
      <symbol id="sm-13e5">
         <name>NwpPowerOn</name>
         <value>0x2000e3dd</value>
         <object_component_ref idref="oc-2ab"/>
      </symbol>
      <symbol id="sm-13e6">
         <name>spi_Close</name>
         <value>0x2000cd09</value>
         <object_component_ref idref="oc-2eb"/>
      </symbol>
      <symbol id="sm-13e7">
         <name>spi_Write</name>
         <value>0x2000c28d</value>
         <object_component_ref idref="oc-6e0"/>
      </symbol>
      <symbol id="sm-13e8">
         <name>spi_Open</name>
         <value>0x2000a48d</value>
         <object_component_ref idref="oc-293"/>
      </symbol>
      <symbol id="sm-13e9">
         <name>g_ucDMAEnabled</name>
         <value>0x2001872c</value>
         <object_component_ref idref="oc-510"/>
      </symbol>
      <symbol id="sm-13ea">
         <name>g_SpiFd</name>
         <value>0x20018724</value>
         <object_component_ref idref="oc-510"/>
      </symbol>
      <symbol id="sm-1445">
         <name>jsmn_init</name>
         <value>0x20007aeb</value>
         <object_component_ref idref="oc-135"/>
      </symbol>
      <symbol id="sm-1446">
         <name>jsmn_parse</name>
         <value>0x200077d9</value>
         <object_component_ref idref="oc-135"/>
      </symbol>
      <symbol id="sm-1502">
         <name>SPIFIFODisable</name>
         <value>0x2000e7f1</value>
         <object_component_ref idref="oc-5a2"/>
      </symbol>
      <symbol id="sm-1503">
         <name>SPICSEnable</name>
         <value>0x2000e8a3</value>
         <object_component_ref idref="oc-792"/>
      </symbol>
      <symbol id="sm-1504">
         <name>SPIDisable</name>
         <value>0x2000e8bb</value>
         <object_component_ref idref="oc-4ce"/>
      </symbol>
      <symbol id="sm-1505">
         <name>SPIFIFOEnable</name>
         <value>0x2000e80b</value>
         <object_component_ref idref="oc-4ec"/>
      </symbol>
      <symbol id="sm-1506">
         <name>SPIWordCountSet</name>
         <value>0x2000e587</value>
         <object_component_ref idref="oc-798"/>
      </symbol>
      <symbol id="sm-1507">
         <name>SPIEnable</name>
         <value>0x2000e8d3</value>
         <object_component_ref idref="oc-50a"/>
      </symbol>
      <symbol id="sm-1508">
         <name>SPIDmaEnable</name>
         <value>0x2000e7d7</value>
         <object_component_ref idref="oc-4f2"/>
      </symbol>
      <symbol id="sm-1509">
         <name>SPIConfigSetExpClk</name>
         <value>0x2000bee9</value>
         <object_component_ref idref="oc-4da"/>
      </symbol>
      <symbol id="sm-150a">
         <name>SPIIntUnregister</name>
         <value>0x2000e825</value>
         <object_component_ref idref="oc-59c"/>
      </symbol>
      <symbol id="sm-150b">
         <name>SPIFIFOLevelSet</name>
         <value>0x2000e229</value>
         <object_component_ref idref="oc-4f8"/>
      </symbol>
      <symbol id="sm-150c">
         <name>SPIDmaDisable</name>
         <value>0x2000e7bd</value>
         <object_component_ref idref="oc-5a8"/>
      </symbol>
      <symbol id="sm-150d">
         <name>SPIReset</name>
         <value>0x2000e565</value>
         <object_component_ref idref="oc-4d4"/>
      </symbol>
      <symbol id="sm-150e">
         <name>SPIIntEnable</name>
         <value>0x2000d9dd</value>
         <object_component_ref idref="oc-504"/>
      </symbol>
      <symbol id="sm-150f">
         <name>SPIIntClear</name>
         <value>0x2000dc85</value>
         <object_component_ref idref="oc-6b4"/>
      </symbol>
      <symbol id="sm-1510">
         <name>SPICSDisable</name>
         <value>0x2000e88b</value>
         <object_component_ref idref="oc-4c8"/>
      </symbol>
      <symbol id="sm-1567">
         <name>uDMAChannelControlSet</name>
         <value>0x2000e0a5</value>
         <object_component_ref idref="oc-882"/>
      </symbol>
      <symbol id="sm-1568">
         <name>uDMAChannelAttributeEnable</name>
         <value>0x2000d439</value>
         <object_component_ref idref="oc-888"/>
      </symbol>
      <symbol id="sm-1569">
         <name>uDMAChannelTransferSet</name>
         <value>0x2000b2a5</value>
         <object_component_ref idref="oc-88e"/>
      </symbol>
      <symbol id="sm-156a">
         <name>uDMAChannelAssign</name>
         <value>0x2000dbf1</value>
         <object_component_ref idref="oc-697"/>
      </symbol>
      <symbol id="sm-156b">
         <name>uDMAChannelAttributeDisable</name>
         <value>0x2000d3d5</value>
         <object_component_ref idref="oc-69d"/>
      </symbol>
      <symbol id="sm-156c">
         <name>uDMAChannelEnable</name>
         <value>0x2000e76d</value>
         <object_component_ref idref="oc-894"/>
      </symbol>
      <symbol id="sm-156d">
         <name>__TI_static_base__</name>
         <value>0x2000f308</value>
      </symbol>
      <symbol id="sm-1570">
         <name>SHT$$INIT_ARRAY$$Limit</name>
         <value>0x0</value>
      </symbol>
      <symbol id="sm-1571">
         <name>SHT$$INIT_ARRAY$$Base</name>
         <value>0x0</value>
      </symbol>
      <symbol id="sm-1572">
         <name>remove</name>
         <value>0x20008bd9</value>
      </symbol>
   </symbol_table>
   <title>Link successful</title>
</link_info>
