******************************************************************************
                  TI ARM Linker PC v15.9.0                     
******************************************************************************
>> Linked Sun Mar 27 17:11:52 2016

OUTPUT FILE NAME:   <http_client_demo.out>
ENTRY POINT SYMBOL: "_c_int00"  address: 2000e02d


MEMORY CONFIGURATION

         name            origin    length      used     unused   attr    fill
----------------------  --------  ---------  --------  --------  ----  --------
  SRAM_CODE             20004000   00013000  0000b44e  00007bb2  RW X
  SRAM_DATA             20017000   00019000  00001fd5  0001702b  RW X


SEGMENT ALLOCATION MAP

run origin  load origin   length   init length attrs members
----------  ----------- ---------- ----------- ----- -------
20004000    20004000    0000b450   0000b450    r-x
  20004000    20004000    00000400   00000400    r-- .intvecs
  20004400    20004400    0000a6fe   0000a6fe    r-x .text
  2000eb00    2000eb00    00000808   00000808    r-- .const
  2000f308    2000f308    00000148   00000148    r-- .cinit
20017000    20017000    00001758   00000000    rw-
  20017000    20017000    00000bfd   00000000    rw- .bss
  20017c00    20017c00    00000880   00000000    rw- .sysmem
  20018480    20018480    000002d8   00000000    rw- .data
2002f780    2002f780    00000880   00000000    rw-
  2002f780    2002f780    00000880   00000000    rw- .stack


SECTION ALLOCATION MAP

 output                                  attributes/
section   page    origin      length       input sections
--------  ----  ----------  ----------   ----------------
.intvecs   0    20004000    00000400     
                  20004000    00000400     startup_ccs.obj (.intvecs)

.init_array 
*          0    20004000    00000000     UNINITIALIZED

.text      0    20004400    0000a6fe     
                  20004400    0000128c     main.obj (.text)
                  2000568c    000010fc     rtsv7M4_T_le_eabi.lib : _printfi.obj (.text)
                  20006788    00000d90     blynk.obj (.text)
                  20007518    000005f0     json.a : jsmn.obj (.text)
                  20007b08    000005ec     simplelink.a : driver.obj (.text:_SlDrvMsgRead)
                  200080f4    000003dc     rtsv7M4_T_le_eabi.lib : memory.obj (.text)
                  200084d0    00000354     gpio_if.obj (.text)
                  20008824    00000324     rtsv7M4_T_le_eabi.lib : trgdrv.obj (.text)
                  20008b48    0000030c                           : lowlev.obj (.text)
                  20008e54    00000280     uart_if.obj (.text)
                  200090d4    00000248     simplelink.a : driver.obj (.text:_SlDrvRxHdrRead)
                  2000931c    00000244                  : wlan.obj (.text:sl_WlanConnect)
                  20009560    000001f4     rtsv7M4_T_le_eabi.lib : ull_div_t2.obj (.text)
                  20009754    000001d0     simplelink.a : driver.obj (.text:_SlDrvReleasePoolObj)
                  20009924    000001cc                  : driver.obj (.text:_SlDrvMsgWrite)
                  20009af0    000001c4     rtsv7M4_T_le_eabi.lib : fopen.obj (.text)
                  20009cb4    000001b6                           : fd_add_t2.obj (.text)
                  20009e6a    00000002     driverlib.a : interrupt.obj (.text:IntDefaultHandler)
                  20009e6c    00000198     timer_if.obj (.text)
                  2000a004    00000190     simplelink.a : driver.obj (.text:_SlDrvWaitForPoolObj)
                  2000a194    00000188                  : driver.obj (.text:_SlDrvDriverCBInit)
                  2000a31c    00000170                  : driver.obj (.text:_SlFindAndSetActiveObj)
                  2000a48c    00000144                  : cc_pal.obj (.text:spi_Open)
                  2000a5d0    00000136     rtsv7M4_T_le_eabi.lib : fd_div_t2.obj (.text)
                  2000a706    00000002     --HOLE-- [fill = 0]
                  2000a708    00000134     driverlib.a : prcm.obj (.text:PRCMCC3200MCUInit)
                  2000a83c    00000134     rtsv7M4_T_le_eabi.lib : fputs.obj (.text)
                  2000a970    0000012c     simplelink.a : driver.obj (.text:_SlDrvDataReadOp)
                  2000aa9c    00000108                  : driver.obj (.text:_SlDrvDataWriteOp)
                  2000aba4    00000108                  : socket.obj (.text:sl_Connect)
                  2000acac    00000108                  : socket.obj (.text:sl_Send)
                  2000adb4    00000104                  : netapp.obj (.text:sl_NetAppDnsGetHostByName)
                  2000aeb8    00000100                  : driver.obj (.text:_SlDrvDriverCBDeinit)
                  2000afb8    000000fe                  : netapp.obj (.text:_SlDrvNetAppEventHandler)
                  2000b0b6    000000fc     rtsv7M4_T_le_eabi.lib : fd_mul_t2.obj (.text)
                  2000b1b2    00000002     --HOLE-- [fill = 0]
                  2000b1b4    000000f0     simplelink.a : cc_pal.obj (.text:spi_Read)
                  2000b2a4    000000f0     driverlib.a : udma.obj (.text:uDMAChannelTransferSet)
                  2000b394    000000dc     rtsv7M4_T_le_eabi.lib : setvbuf.obj (.text)
                  2000b470    000000d8     simplelink.a : driver.obj (.text:_SlDrvClassifyRxMsg)
                  2000b548    000000d4                  : device.obj (.text:sl_Stop)
                  2000b61c    000000d0     rtsv7M4_T_le_eabi.lib : s_scalbn.obj (.text)
                  2000b6ec    000000c8     BlynkHandlers.obj (.text)
                  2000b7b4    000000c8     simplelink.a : netapp.obj (.text:_sl_HandleAsync_DnsGetHostByService)
                  2000b87c    000000c8     rtsv7M4_T_le_eabi.lib : fflush.obj (.text)
                  2000b944    000000c0     simplelink.a : driver.obj (.text:_SlDrvMsgReadCmdCtx)
                  2000ba04    000000c0                  : driver.obj (.text:_SlRemoveFromList)
                  2000bac4    000000bc                  : device.obj (.text:sl_Start)
                  2000bb80    000000b8                  : driver.obj (.text:_SlAsyncEventGenericHandler)
                  2000bc38    000000b4                  : netapp.obj (.text:sl_NetAppMDNSRegisterUnregisterService)
                  2000bcec    000000ac     rtsv7M4_T_le_eabi.lib : _io_perm.obj (.text)
                  2000bd98    000000a8     driverlib.a : interrupt.obj (.text:IntDisable)
                  2000be40    000000a8                 : interrupt.obj (.text:IntEnable)
                  2000bee8    000000a0                 : spi.obj (.text:SPIConfigSetExpClk)
                  2000bf88    0000009c     simplelink.a : driver.obj (.text:_SlDrvMsgReadSpawnCtx)
                  2000c024    0000009c     rtsv7M4_T_le_eabi.lib : memcpy_t2.obj (.text)
                  2000c0c0    0000009c     simplelink.a : device.obj (.text:sl_DevGet)
                  2000c15c    00000098     rtsv7M4_T_le_eabi.lib : fclose.obj (.text)
                  2000c1f4    00000098                           : fputc.obj (.text)
                  2000c28c    00000098     simplelink.a : cc_pal.obj (.text:spi_Write)
                  2000c324    00000094     driverlib.a : prcm.obj (.text:PRCMPeripheralClockGet)
                  2000c3b8    00000092     rtsv7M4_T_le_eabi.lib : fs_div_t2.obj (.text)
                  2000c44a    00000002     --HOLE-- [fill = 0]
                  2000c44c    0000008c     simplelink.a : cc_pal.obj (.text:SetupDMAReceive)
                  2000c4d8    0000008c                  : cc_pal.obj (.text:SetupDMASend)
                  2000c564    0000008c                  : netapp.obj (.text:_sl_HandleAsync_DnsGetHostByName)
                  2000c5f0    0000008c                  : netapp.obj (.text:_sl_HandleAsync_PingResponse)
                  2000c67c    00000088     driverlib.a : pin.obj (.text:PinConfigSet)
                  2000c704    00000088     rtsv7M4_T_le_eabi.lib : vsnprintf.obj (.text)
                  2000c78c    00000086                           : fd_cmp_t2.obj (.text:__aeabi_cdcmple)
                  2000c812    00000086                           : fd_cmp_t2.obj (.text:__aeabi_cdrcmple)
                  2000c898    00000084     simplelink.a : cc_pal.obj (.text:NwpPowerOnPreamble)
                  2000c91c    00000082     driverlib.a : gpio.obj (.text:GPIOIntTypeSet)
                  2000c99e    00000002     --HOLE-- [fill = 0]
                  2000c9a0    00000080     simplelink.a : driver.obj (.text:_SlDrvCmdOp)
                  2000ca20    00000080                  : cc_pal.obj (.text:spi_Read_CPU)
                  2000caa0    00000080                  : cc_pal.obj (.text:spi_Write_CPU)
                  2000cb20    0000007c                  : device.obj (.text:_sl_HandleAsync_InitComplete)
                  2000cb9c    0000007a     rtsv7M4_T_le_eabi.lib : fs_mul_t2.obj (.text)
                  2000cc16    0000007a                           : memset_t2.obj (.text)
                  2000cc90    00000078     simplelink.a : socket.obj (.text:_sl_HandleAsync_Connect)
                  2000cd08    00000078                  : cc_pal.obj (.text:spi_Close)
                  2000cd80    00000076     driverlib.a : uart.obj (.text:UARTConfigSetExpClk)
                  2000cdf6    00000002     --HOLE-- [fill = 0]
                  2000cdf8    00000074     simplelink.a : socket.obj (.text:sl_Recv)
                  2000ce6c    00000070     driverlib.a : timer.obj (.text:TimerIntRegister)
                  2000cedc    00000070     simplelink.a : nonos.obj (.text:_SlNonOsMainLoopTask)
                  2000cf4c    00000070     rtsv7M4_T_le_eabi.lib : printf.obj (.text)
                  2000cfbc    0000006c     simplelink.a : driver.obj (.text:_SlDrvCmdSend)
                  2000d028    0000006c     rtsv7M4_T_le_eabi.lib : autoinit.obj (.text)
                  2000d094    0000006a                           : copy_decompress_rle.obj (.text)
                  2000d0fe    00000002     --HOLE-- [fill = 0]
                  2000d100    00000068     driverlib.a : timer.obj (.text:TimerIntUnregister)
                  2000d168    00000068     simplelink.a : netapp.obj (.text:_sl_NetAppSendTokenValue)
                  2000d1d0    00000068     rtsv7M4_T_le_eabi.lib : trgmsg.obj (.text)
                  2000d238    00000068     simplelink.a : netcfg.obj (.text:sl_NetCfgSet)
                  2000d2a0    00000068                  : wlan.obj (.text:sl_WlanSet)
                  2000d308    00000066     blynkDependency.obj (.text)
                  2000d36e    00000002     --HOLE-- [fill = 0]
                  2000d370    00000064     rtsv7M4_T_le_eabi.lib : fseek.obj (.text)
                  2000d3d4    00000064     driverlib.a : udma.obj (.text:uDMAChannelAttributeDisable)
                  2000d438    00000064                 : udma.obj (.text:uDMAChannelAttributeEnable)
                  2000d49c    00000060     simplelink.a : socket.obj (.text:_sl_HandleAsync_Accept)
                  2000d4fc    00000060     rtsv7M4_T_le_eabi.lib : sprintf.obj (.text)
                  2000d55c    00000060     simplelink.a : wlan.obj (.text:sl_WlanPolicySet)
                  2000d5bc    0000005c                  : nonos.obj (.text:_SlNonOsSemGet)
                  2000d618    0000005c                  : nonos.obj (.text:_SlNonOsSpawn)
                  2000d674    0000005c     pinmux.obj (.text)
                  2000d6d0    0000005c     rtsv7M4_T_le_eabi.lib : s_frexp.obj (.text)
                  2000d72c    0000005c     simplelink.a : socket.obj (.text:sl_Socket)
                  2000d788    00000058     driverlib.a : interrupt.obj (.text:IntPendClear)
                  2000d7e0    00000058                 : prcm.obj (.text:PRCMPeripheralReset)
                  2000d838    00000056     rtsv7M4_T_le_eabi.lib : ltoa.obj (.text)
                  2000d88e    00000002     --HOLE-- [fill = 0]
                  2000d890    00000054     driverlib.a : interrupt.obj (.text:IntPrioritySet)
                  2000d8e4    00000054     simplelink.a : socket.obj (.text:_sl_HandleAsync_Select)
                  2000d938    00000054                  : wlan.obj (.text:sl_WlanRxFilterSet)
                  2000d98c    00000050                  : device.obj (.text:_sl_HandleAsync_Stop)
                  2000d9dc    0000004c     driverlib.a : spi.obj (.text:SPIIntEnable)
                  2000da28    0000004c                 : spi.obj (.text:SPIIntNumberGet)
                  2000da74    0000004c     simplelink.a : driver.obj (.text:_SlDrvProtectAsyncRespSetting)
                  2000dac0    0000004c                  : driver.obj (.text:_SlDrvRxIrqHandler)
                  2000db0c    0000004c                  : socket.obj (.text:_sl_BuildAddress)
                  2000db58    0000004c     rtsv7M4_T_le_eabi.lib : atoi.obj (.text)
                  2000dba4    0000004c                           : cpy_tbl.obj (.text)
                  2000dbf0    0000004c     driverlib.a : udma.obj (.text:uDMAChannelAssign)
                  2000dc3c    00000048                 : gpio.obj (.text:GPIOGetIntNumber)
                  2000dc84    00000048                 : spi.obj (.text:SPIIntClear)
                  2000dccc    00000048     simplelink.a : driver.obj (.text:_SlDrvBasicCmd)
                  2000dd14    00000048     rtsv7M4_T_le_eabi.lib : fd_toi_t2.obj (.text)
                  2000dd5c    00000048                           : fd_tos_t2.obj (.text)
                  2000dda4    00000044     driverlib.a : spi.obj (.text:SPIDmaMaskGet)
                  2000dde8    00000044                 : timer.obj (.text:TimerConfigure)
                  2000de2c    00000044     simplelink.a : cc_pal.obj (.text:cc_SetupTransfer)
                  2000de70    00000044     rtsv7M4_T_le_eabi.lib : exit.obj (.text)
                  2000deb4    00000042     simplelink.a : socket.obj (.text:sl_Htonl)
                  2000def6    00000002     --HOLE-- [fill = 0]
                  2000def8    00000040     driverlib.a : pin.obj (.text:PinModeSet)
                  2000df38    0000003e     simplelink.a : cc_pal.obj (.text:NwpRegisterInterruptHandler)
                  2000df76    0000003c                  : netapp.obj (.text:CopyPingResultsToReport)
                  2000dfb2    00000002     --HOLE-- [fill = 0]
                  2000dfb4    0000003c     driverlib.a : prcm.obj (.text:PRCMPeripheralClkEnable)
                  2000dff0    0000003c     simplelink.a : socket.obj (.text:_sl_TruncatePayloadByProtocol)
                  2000e02c    0000003c     rtsv7M4_T_le_eabi.lib : boot.obj (.text)
                  2000e068    0000003c     simplelink.a : socket.obj (.text:sl_Htons)
                  2000e0a4    0000003c     driverlib.a : udma.obj (.text:uDMAChannelControlSet)
                  2000e0e0    00000038     simplelink.a : cc_pal.obj (.text:NwpPowerOff)
                  2000e118    00000038     rtsv7M4_T_le_eabi.lib : fs_tod_t2.obj (.text)
                  2000e150    00000038                           : i_tofs_t2.obj (.text)
                  2000e188    00000036     driverlib.a : gpio.obj (.text:GPIODirModeSet)
                  2000e1be    00000036     simplelink.a : netapp.obj (.text:sl_NetAppMDNSUnRegisterService)
                  2000e1f4    00000034     driverlib.a : prcm.obj (.text:PRCMPeripheralStatusGet)
                  2000e228    00000034                 : spi.obj (.text:SPIFIFOLevelSet)
                  2000e25c    00000030                 : pin.obj (.text:PinTypeGPIO)
                  2000e28c    00000030                 : uart.obj (.text:UARTDisable)
                  2000e2bc    00000030     simplelink.a : device.obj (.text:_SlDrvDeviceEventHandler)
                  2000e2ec    00000030     rtsv7M4_T_le_eabi.lib : strncpy.obj (.text)
                  2000e31c    00000030     simplelink.a : socket.obj (.text:sl_Close)
                  2000e34c    00000030                  : wlan.obj (.text:sl_WlanProfileDel)
                  2000e37c    00000030                  : wlan.obj (.text:sl_WlanSetMode)
                  2000e3ac    0000002e     rtsv7M4_T_le_eabi.lib : i_tofd_t2.obj (.text)
                  2000e3da    00000002     --HOLE-- [fill = 0]
                  2000e3dc    0000002c     simplelink.a : cc_pal.obj (.text:NwpPowerOn)
                  2000e408    0000002c     driverlib.a : prcm.obj (.text:PRCMSysResetCauseGet)
                  2000e434    0000002a                 : timer.obj (.text:TimerLoadSet)
                  2000e45e    0000002a                 : timer.obj (.text:TimerPrescaleSet)
                  2000e488    00000028                 : prcm.obj (.text:PRCMPeripheralClkDisable)
                  2000e4b0    00000024     simplelink.a : cc_pal.obj (.text:DmaSpiSwIntHandler)
                  2000e4d4    00000024     driverlib.a : interrupt.obj (.text:IntUnregister)
                  2000e4f8    00000024                 : uart.obj (.text:UARTEnable)
                  2000e51c    00000024     simplelink.a : driver.obj (.text:_SlDrvProtectionObjLockWaitForever)
                  2000e540    00000024     rtsv7M4_T_le_eabi.lib : memmov.obj (.text)
                  2000e564    00000022     driverlib.a : spi.obj (.text:SPIReset)
                  2000e586    00000022                 : spi.obj (.text:SPIWordCountSet)
                  2000e5a8    00000020                 : gpio.obj (.text:GPIOPinWrite)
                  2000e5c8    00000020                 : interrupt.obj (.text:IntRegister)
                  2000e5e8    00000020     simplelink.a : driver.obj (.text:_SlDrvProtectionObjUnLock)
                  2000e608    00000020     rtsv7M4_T_le_eabi.lib : memchr.obj (.text)
                  2000e628    0000001e     driverlib.a : gpio.obj (.text:GPIOIntRegister)
                  2000e646    0000001e                 : timer.obj (.text:TimerDisable)
                  2000e664    0000001e                 : timer.obj (.text:TimerEnable)
                  2000e682    0000001e                 : timer.obj (.text:TimerIntStatus)
                  2000e6a0    0000001e                 : uart.obj (.text:UARTCharPut)
                  2000e6be    0000001e     simplelink.a : driver.obj (.text:_SlDrvObjLockWaitForever)
                  2000e6dc    0000001e                  : driver.obj (.text:_SlDrvSyncObjWaitForever)
                  2000e6fa    0000001e                  : cc_pal.obj (.text:cc_UDMAChannelSelect)
                  2000e718    0000001c     driverlib.a : timer.obj (.text:TimerValueGet)
                  2000e734    0000001c                 : uart.obj (.text:UARTCharGetNonBlocking)
                  2000e750    0000001c     rtsv7M4_T_le_eabi.lib : memccpy.obj (.text)
                  2000e76c    0000001c     driverlib.a : udma.obj (.text:uDMAChannelEnable)
                  2000e788    0000001a                 : gpio.obj (.text:GPIOIntEnable)
                  2000e7a2    0000001a                 : pin.obj (.text:PinTypeUART)
                  2000e7bc    0000001a                 : spi.obj (.text:SPIDmaDisable)
                  2000e7d6    0000001a                 : spi.obj (.text:SPIDmaEnable)
                  2000e7f0    0000001a                 : spi.obj (.text:SPIFIFODisable)
                  2000e80a    0000001a                 : spi.obj (.text:SPIFIFOEnable)
                  2000e824    0000001a                 : spi.obj (.text:SPIIntUnregister)
                  2000e83e    0000001a     simplelink.a : driver.obj (.text:_SlDrvObjUnLock)
                  2000e858    0000001a                  : driver.obj (.text:_SlDrvSyncObjSignal)
                  2000e872    00000018     driverlib.a : gpio.obj (.text:GPIOPinRead)
                  2000e88a    00000018                 : spi.obj (.text:SPICSDisable)
                  2000e8a2    00000018                 : spi.obj (.text:SPICSEnable)
                  2000e8ba    00000018                 : spi.obj (.text:SPIDisable)
                  2000e8d2    00000018                 : spi.obj (.text:SPIEnable)
                  2000e8ea    00000018                 : timer.obj (.text:TimerIntDisable)
                  2000e902    00000018                 : timer.obj (.text:TimerIntEnable)
                  2000e91a    00000018                 : uart.obj (.text:UARTCharsAvail)
                  2000e932    00000018     simplelink.a : nonos.obj (.text:_SlNonOsSemSet)
                  2000e94a    00000002     --HOLE-- [fill = 0]
                  2000e94c    00000018                  : device.obj (.text:_sl_GetStartResponseConvert)
                  2000e964    00000018     rtsv7M4_T_le_eabi.lib : args_main.obj (.text)
                  2000e97c    00000018                           : strcmp.obj (.text)
                  2000e994    00000016     driverlib.a : prcm.obj (.text:PRCMHIBRegRead)
                  2000e9aa    00000016                 : prcm.obj (.text:PRCMHIBRegWrite)
                  2000e9c0    00000016     simplelink.a : driver.obj (.text:_SlDrvMemZero)
                  2000e9d6    00000016     rtsv7M4_T_le_eabi.lib : strchr.obj (.text)
                  2000e9ec    00000014     driverlib.a : cpu.obj (.text:CPUcpsie)
                  2000ea00    00000014                 : gpio.obj (.text:GPIOIntClear)
                  2000ea14    00000014                 : interrupt.obj (.text:IntVTableBaseSet)
                  2000ea28    00000014     rtsv7M4_T_le_eabi.lib : _lock.obj (.text)
                  2000ea3c    00000014                           : strcpy.obj (.text)
                  2000ea50    00000014                           : strlen.obj (.text)
                  2000ea64    00000012     driverlib.a : timer.obj (.text:TimerIntClear)
                  2000ea76    0000000e     simplelink.a : driver.obj (.text:_SlDrvResetCmdExt)
                  2000ea84    0000000e     rtsv7M4_T_le_eabi.lib : copy_decompress_none.obj (.text:decompress:none)
                  2000ea92    0000000e     startup_ccs.obj (.text)
                  2000eaa0    0000000c     simplelink.a : cc_pal.obj (.text:NwpMaskInterrupt)
                  2000eaac    0000000c                  : cc_pal.obj (.text:NwpUnMaskInterrupt)
                  2000eab8    0000000c     driverlib.a : systick.obj (.text:SysTickValueGet)
                  2000eac4    0000000c     rtsv7M4_T_le_eabi.lib : copy_zero_init.obj (.text:decompress:ZI)
                  2000ead0    0000000c     simplelink.a : wlan.obj (.text:sl_WlanDisconnect)
                  2000eadc    0000000a     driverlib.a : interrupt.obj (.text:IntMasterEnable)
                  2000eae6    00000008     rtsv7M4_T_le_eabi.lib : s_copysign.obj (.text)
                  2000eaee    00000006     driverlib.a : utils.obj (.text:UtilsDelay)
                  2000eaf4    00000006     rtsv7M4_T_le_eabi.lib : copy_decompress_rle.obj (.text:decompress:rle24)
                  2000eafa    00000004                           : pre_init.obj (.text)

.const     0    2000eb00    00000808     
                  2000eb00    00000101     rtsv7M4_T_le_eabi.lib : ctype.obj (.const:.string:_ctypes_)
                  2000ec01    00000003     --HOLE-- [fill = 0]
                  2000ec04    00000100     driverlib.a : pin.obj (.const:g_ulPinToPadMap)
                  2000ed04    000000d4                 : interrupt.obj (.const:g_pulRegs)
                  2000edd8    000000b0     simplelink.a : wlan.obj (.const:$P$T0$1)
                  2000ee88    000000a8     driverlib.a : prcm.obj (.const:PRCM_PeriphRegsList)
                  2000ef30    00000080     BlynkHandlers.obj (.const:BlynkReadHandlerVector)
                  2000efb0    00000080     BlynkHandlers.obj (.const:BlynkWriteHandlerVector)
                  2000f030    00000080     driverlib.a : interrupt.obj (.const)
                  2000f0b0    0000003c     simplelink.a : driver.obj (.const:OpcodeTranslateTable)
                  2000f0ec    0000003c                  : wlan.obj (.const)
                  2000f128    00000038                  : driver.obj (.const:_SlActionLookupTable)
                  2000f160    00000034                  : driver.obj (.const)
                  2000f194    00000034                  : socket.obj (.const)
                  2000f1c8    0000002c     main.obj (.const:$P$T1$2)
                  2000f1f4    00000028     simplelink.a : netapp.obj (.const)
                  2000f21c    00000027     main.obj (.const:.string)
                  2000f243    00000001     --HOLE-- [fill = 0]
                  2000f244    00000024     driverlib.a : spi.obj (.const:g_ppulSPIIntMap)
                  2000f268    00000022     main.obj (.const:.string:$P$T0$1)
                  2000f28a    00000002     --HOLE-- [fill = 0]
                  2000f28c    00000020     main.obj (.const)
                  2000f2ac    00000018     driverlib.a : spi.obj (.const)
                  2000f2c4    00000014     simplelink.a : device.obj (.const)
                  2000f2d8    00000010                  : socket.obj (.const:.string)
                  2000f2e8    0000000f     blynk.obj (.const:.string)
                  2000f2f7    00000008     simplelink.a : device.obj (.const:.string)
                  2000f2ff    00000001     --HOLE-- [fill = 0]
                  2000f300    00000008                  : netcfg.obj (.const)

.cinit     0    2000f308    00000148     
                  2000f308    00000123     (.cinit..data.load) [load image, compression = rle]
                  2000f42b    00000001     --HOLE-- [fill = 0]
                  2000f42c    0000000c     (__TI_handler_table)
                  2000f438    00000008     (.cinit..bss.load) [load image, compression = zero_init]
                  2000f440    00000010     (__TI_cinit_table)

.bss       0    20017000    00000bfd     UNINITIALIZED
                  20017000    00000800     main.obj (.bss:TX_BUF)
                  20017800    00000168     simplelink.a : driver.obj (.bss:g_StatMem)
                  20017968    00000120     rtsv7M4_T_le_eabi.lib : trgmsg.obj (.bss:__CIOBUF_)
                  20017a88    000000a0                           : defs.obj (.bss:__TI_tmpnams)
                  20017b28    00000050     simplelink.a : cc_pal.obj (.bss:g_ucDinDout)
                  20017b78    00000028                  : nonos.obj (.bss:g__SlNonOsCB)
                  20017ba0    00000024     main.obj (.bss:g_ucConnectionSSID)
                  20017bc4    00000008     (.common:g_ucConnectionBSSID)
                  20017bcc    00000008     (.common:parmbuf)
                  20017bd4    00000004     (.common:__Errorlog)
                  20017bd8    00000004     (.common:authkey)
                  20017bdc    00000004     (.common:basetime$6)
                  20017be0    00000004     (.common:blynk_time_1ms)
                  20017be4    00000004     (.common:g_ulBase)
                  20017be8    00000004     (.common:msgbuf)
                  20017bec    00000004     (.common:param_end)
                  20017bf0    00000004     (.common:param_ptr)
                  20017bf4    00000002     (.common:currentMsgId)
                  20017bf6    00000002     (.common:server_port)
                  20017bf8    00000001     (.common:RxIrqCnt)
                  20017bf9    00000001     (.common:g_cDummy)
                  20017bfa    00000001     (.common:g_ucLED1Pin)
                  20017bfb    00000001     (.common:g_ucLED2Pin)
                  20017bfc    00000001     (.common:g_ucLED3Pin)

.TI.noinit 
*          0    20017000    00000000     UNINITIALIZED

.sysmem    0    20017c00    00000880     UNINITIALIZED
                  20017c00    00000008     rtsv7M4_T_le_eabi.lib : memory.obj (.sysmem)
                  20017c08    00000878     --HOLE--

.data      0    20018480    000002d8     UNINITIALIZED
                  20018480    000000f0     rtsv7M4_T_le_eabi.lib : defs.obj (.data:_ftable)
                  20018570    000000d0                           : lowlev.obj (.data)
                  20018640    0000004e     blynk.obj (.data:profile$4)
                  2001868e    00000021     main.obj (.data:auth)
                  200186af    00000001     --HOLE--
                  200186b0    00000020     gpio_if.obj (.data)
                  200186d0    0000001d     main.obj (.data)
                  200186ed    00000003     --HOLE--
                  200186f0    00000018     blynk.obj (.data)
                  20018708    00000010     rtsv7M4_T_le_eabi.lib : defs.obj (.data)
                  20018718    0000000c                           : memory.obj (.data)
                  20018724    00000009     simplelink.a : cc_pal.obj (.data)
                  2001872d    00000003     --HOLE--
                  20018730    00000009                  : driver.obj (.data)
                  20018739    00000003     --HOLE--
                  2001873c    00000008     rtsv7M4_T_le_eabi.lib : _lock.obj (.data)
                  20018744    00000008                           : exit.obj (.data)
                  2001874c    00000004                           : errno.obj (.data)
                  20018750    00000004                           : fopen.obj (.data)
                  20018754    00000004                           : stkdepth_vars.obj (.data)

.TI.persistent 
*          0    20018480    00000000     UNINITIALIZED

.stack     0    2002f780    00000880     UNINITIALIZED
                  2002f780    00000880     --HOLE--

MODULE SUMMARY

       Module                     code    ro data   rw data
       ------                     ----    -------   -------
    .\
       main.obj                   4748    149       2158   
       blynk.obj                  3472    15        130    
       startup_ccs.obj            14      1024      0      
       gpio_if.obj                852     0         35     
       uart_if.obj                640     0         4      
       BlynkHandlers.obj          200     256       0      
       timer_if.obj               408     0         0      
       blynkDependency.obj        102     0         0      
       pinmux.obj                 92      0         0      
    +--+--------------------------+-------+---------+---------+
       Total:                     10528   1444      2327   
                                                           
    C:/ti/CC3200SDK_1.1.0/cc3200-sdk/example/http_client_demo/ccs/../../../driverlib/ccs/Release/driverlib.a
       prcm.obj                   784     168       0      
       interrupt.obj              608     340       0      
       spi.obj                    798     60        0      
       udma.obj                   604     0         0      
       timer.obj                  552     0         0      
       pin.obj                    274     256       0      
       gpio.obj                   388     0         0      
       uart.obj                   284     0         0      
       cpu.obj                    20      0         0      
       systick.obj                12      0         0      
       utils.obj                  6       0         0      
    +--+--------------------------+-------+---------+---------+
       Total:                     4330    824       0      
                                                           
    C:/ti/CC3200SDK_1.1.0/cc3200-sdk/example/http_client_demo/ccs/../../../simplelink/ccs/NON_OS/simplelink.a
       driver.obj                 6620    168       370    
       cc_pal.obj                 1824    0         90     
       netapp.obj                 1392    40        0      
       socket.obj                 1346    68        0      
       wlan.obj                   972     236       0      
       device.obj                 832     28        0      
       nonos.obj                  320     0         40     
       netcfg.obj                 104     8         0      
    +--+--------------------------+-------+---------+---------+
       Total:                     13410   548       500    
                                                           
    C:/ti/CC3200SDK_1.1.0/cc3200-sdk/netapps/json/ccs/Release/json.a
       jsmn.obj                   1520    0         0      
    +--+--------------------------+-------+---------+---------+
       Total:                     1520    0         0      
                                                           
    C:\ti\ccsv6\tools\compiler\ti-cgt-arm_15.9.0.STS\lib\rtsv7M4_T_le_eabi.lib
       _printfi.obj               4348    0         0      
       memory.obj                 988     0         12     
       lowlev.obj                 780     0         208    
       trgdrv.obj                 804     0         8      
       ull_div_t2.obj             500     0         0      
       fopen.obj                  452     0         4      
       fd_add_t2.obj              438     0         0      
       defs.obj                   0       0         416    
       trgmsg.obj                 104     0         288    
       fd_div_t2.obj              310     0         0      
       fputs.obj                  308     0         0      
       fd_cmp_t2.obj              268     0         0      
       ctype.obj                  0       257       0      
       fd_mul_t2.obj              252     0         0      
       setvbuf.obj                220     0         0      
       s_scalbn.obj               208     0         0      
       fflush.obj                 200     0         0      
       _io_perm.obj               172     0         0      
       memcpy_t2.obj              156     0         0      
       fclose.obj                 152     0         0      
       fputc.obj                  152     0         0      
       fs_div_t2.obj              146     0         0      
       vsnprintf.obj              136     0         0      
       fs_mul_t2.obj              122     0         0      
       memset_t2.obj              122     0         0      
       copy_decompress_rle.obj    112     0         0      
       printf.obj                 112     0         0      
       autoinit.obj               108     0         0      
       fseek.obj                  100     0         0      
       sprintf.obj                96      0         0      
       s_frexp.obj                92      0         0      
       ltoa.obj                   86      0         0      
       atoi.obj                   76      0         0      
       cpy_tbl.obj                76      0         0      
       exit.obj                   68      0         8      
       fd_toi_t2.obj              72      0         0      
       fd_tos_t2.obj              72      0         0      
       boot.obj                   60      0         0      
       fs_tod_t2.obj              56      0         0      
       i_tofs_t2.obj              56      0         0      
       strncpy.obj                48      0         0      
       i_tofd_t2.obj              46      0         0      
       memmov.obj                 36      0         0      
       memchr.obj                 32      0         0      
       _lock.obj                  20      0         8      
       memccpy.obj                28      0         0      
       args_main.obj              24      0         0      
       strcmp.obj                 24      0         0      
       strchr.obj                 22      0         0      
       strcpy.obj                 20      0         0      
       strlen.obj                 20      0         0      
       copy_decompress_none.obj   14      0         0      
       copy_zero_init.obj         12      0         0      
       s_copysign.obj             8       0         0      
       errno.obj                  0       0         4      
       pre_init.obj               4       0         0      
       stkdepth_vars.obj          0       0         4      
    +--+--------------------------+-------+---------+---------+
       Total:                     12938   257       960    
                                                           
       Heap:                      0       0         2176   
       Stack:                     0       0         2176   
       Linker Generated:          0       327       0      
    +--+--------------------------+-------+---------+---------+
       Grand Total:               42726   3400      8139   


LINKER GENERATED COPY TABLES

__TI_cinit_table @ 2000f440 records: 2, size/record: 8, table size: 16
	.data: load addr=2000f308, load size=00000123 bytes, run addr=20018480, run size=000002d8 bytes, compression=rle
	.bss: load addr=2000f438, load size=00000008 bytes, run addr=20017000, run size=00000bfd bytes, compression=zero_init


LINKER GENERATED HANDLER TABLE

__TI_handler_table @ 2000f42c records: 3, size/record: 4, table size: 12
	index: 0, handler: __TI_decompress_rle24
	index: 1, handler: __TI_decompress_none
	index: 2, handler: __TI_zero_init


GLOBAL SYMBOLS: SORTED ALPHABETICALLY BY Name 

address   name                                  
-------   ----                                  
20007365  BlynkAverageSample                    
2000b6ed  BlynkWidgetRead                       
2000b6ed  BlynkWidgetRead0                      
2000b6ed  BlynkWidgetRead1                      
2000b6ed  BlynkWidgetRead10                     
2000b6ed  BlynkWidgetRead11                     
2000b6ed  BlynkWidgetRead12                     
2000b6ed  BlynkWidgetRead13                     
2000b6ed  BlynkWidgetRead14                     
2000b6ed  BlynkWidgetRead15                     
2000b6ed  BlynkWidgetRead16                     
2000b6ed  BlynkWidgetRead17                     
2000b6ed  BlynkWidgetRead18                     
2000b6ed  BlynkWidgetRead19                     
2000b6ed  BlynkWidgetRead2                      
2000b6ed  BlynkWidgetRead20                     
2000b6ed  BlynkWidgetRead21                     
2000b6ed  BlynkWidgetRead22                     
2000b6ed  BlynkWidgetRead23                     
2000b6ed  BlynkWidgetRead24                     
2000b6ed  BlynkWidgetRead25                     
2000b6ed  BlynkWidgetRead26                     
2000b6ed  BlynkWidgetRead27                     
2000b6ed  BlynkWidgetRead28                     
2000b6ed  BlynkWidgetRead29                     
2000b6ed  BlynkWidgetRead3                      
2000b6ed  BlynkWidgetRead30                     
2000b6ed  BlynkWidgetRead31                     
2000b6ed  BlynkWidgetRead4                      
2000b6ed  BlynkWidgetRead5                      
2000b6ed  BlynkWidgetRead6                      
2000b6ed  BlynkWidgetRead7                      
2000b6ed  BlynkWidgetRead8                      
2000b6ed  BlynkWidgetRead9                      
2000b6ed  BlynkWidgetReadDefault                
2000b6ff  BlynkWidgetWrite                      
2000b6ff  BlynkWidgetWrite0                     
2000b6ff  BlynkWidgetWrite1                     
2000b6ff  BlynkWidgetWrite10                    
2000b6ff  BlynkWidgetWrite11                    
2000b6ff  BlynkWidgetWrite12                    
2000b6ff  BlynkWidgetWrite13                    
2000b6ff  BlynkWidgetWrite14                    
2000b6ff  BlynkWidgetWrite15                    
2000b6ff  BlynkWidgetWrite16                    
2000b6ff  BlynkWidgetWrite17                    
2000b6ff  BlynkWidgetWrite18                    
2000b6ff  BlynkWidgetWrite19                    
2000b6ff  BlynkWidgetWrite2                     
2000b6ff  BlynkWidgetWrite20                    
2000b6ff  BlynkWidgetWrite21                    
2000b6ff  BlynkWidgetWrite22                    
2000b6ff  BlynkWidgetWrite23                    
2000b6ff  BlynkWidgetWrite24                    
2000b6ff  BlynkWidgetWrite25                    
2000b6ff  BlynkWidgetWrite26                    
2000b6ff  BlynkWidgetWrite27                    
2000b6ff  BlynkWidgetWrite28                    
2000b6ff  BlynkWidgetWrite29                    
2000b6ff  BlynkWidgetWrite3                     
2000b6ff  BlynkWidgetWrite30                    
2000b6ff  BlynkWidgetWrite31                    
2000b6ff  BlynkWidgetWrite4                     
2000b6ff  BlynkWidgetWrite5                     
2000b6ff  BlynkWidgetWrite6                     
2000b6ff  BlynkWidgetWrite7                     
2000b6ff  BlynkWidgetWrite8                     
2000b6ff  BlynkWidgetWrite9                     
2000b6ff  BlynkWidgetWriteDefault               
2000de71  C$$EXIT                               
2000d1ff  C$$IO$$                               
2000e9ed  CPUcpsie                              
20008e95  ClearTerm                             
2000df77  CopyPingResultsToReport               
2000e4b1  DmaSpiSwIntHandler                    
20008e9f  Error                                 
2000e189  GPIODirModeSet                        
2000ea01  GPIOIntClear                          
2000e789  GPIOIntEnable                         
2000e629  GPIOIntRegister                       
2000c91d  GPIOIntTypeSet                        
2000e873  GPIOPinRead                           
2000e5a9  GPIOPinWrite                          
20008755  GPIO_IF_ConfigureNIntEnable           
200087cb  GPIO_IF_Get                           
2000870f  GPIO_IF_GetPortNPin                   
200084d1  GPIO_IF_LedConfigure                  
200085c3  GPIO_IF_LedOff                        
2000850f  GPIO_IF_LedOn                         
20008677  GPIO_IF_LedStatus                     
200086e1  GPIO_IF_LedToggle                     
20008791  GPIO_IF_Set                           
20008ed7  GetCmd                                
2000b71f  GetReadHandler                        
2000b741  GetWriteHandler                       
20008afb  HOSTclock                             
20008ac3  HOSTclose                             
20008a85  HOSTgetenv                            
20008a29  HOSTlseek                             
200089d7  HOSTopen                              
2000898b  HOSTread                              
2000892d  HOSTrename                            
200088f3  HOSTtime                              
200088a9  HOSTtime64                            
20008871  HOSTunlink                            
20008825  HOSTwrite                             
20008e55  InitTerm                              
2000bd99  IntDisable                            
2000be41  IntEnable                             
2000eadd  IntMasterEnable                       
2000d789  IntPendClear                          
2000d891  IntPrioritySet                        
2000e5c9  IntRegister                           
2000e4d5  IntUnregister                         
2000ea15  IntVTableBaseSet                      
20008e73  Message                               
2000eaa1  NwpMaskInterrupt                      
2000e0e1  NwpPowerOff                           
2000e3dd  NwpPowerOn                            
2000c899  NwpPowerOnPreamble                    
2000df39  NwpRegisterInterruptHandler           
2000eaad  NwpUnMaskInterrupt                    
2000f0b0  OpcodeTranslateTable                  
20005211  POST2dweet_io                         
2000a709  PRCMCC3200MCUInit                     
2000e995  PRCMHIBRegRead                        
2000e9ab  PRCMHIBRegWrite                       
2000e489  PRCMPeripheralClkDisable              
2000dfb5  PRCMPeripheralClkEnable               
2000c325  PRCMPeripheralClockGet                
2000d7e1  PRCMPeripheralReset                   
2000e1f5  PRCMPeripheralStatusGet               
2000e409  PRCMSysResetCauseGet                  
20004cdd  ParseJSONData                         
2000c67d  PinConfigSet                          
2000def9  PinModeSet                            
2000d675  PinMuxConfig                          
2000e25d  PinTypeGPIO                           
2000e7a3  PinTypeUART                           
20009015  Report                                
2000ea93  ResetISR                              
20017bf8  RxIrqCnt                              
2000f170  RxMsgClassLUT                         
UNDEFED   SHT$$INIT_ARRAY$$Base                 
UNDEFED   SHT$$INIT_ARRAY$$Limit                
2000e88b  SPICSDisable                          
2000e8a3  SPICSEnable                           
2000bee9  SPIConfigSetExpClk                    
2000e8bb  SPIDisable                            
2000e7bd  SPIDmaDisable                         
2000e7d7  SPIDmaEnable                          
2000e8d3  SPIEnable                             
2000e7f1  SPIFIFODisable                        
2000e80b  SPIFIFOEnable                         
2000e229  SPIFIFOLevelSet                       
2000dc85  SPIIntClear                           
2000d9dd  SPIIntEnable                          
2000e825  SPIIntUnregister                      
2000e565  SPIReset                              
2000e587  SPIWordCountSet                       
200045c9  SimpleLinkGeneralEventHandler         
200045a1  SimpleLinkHttpServerCallback          
20004509  SimpleLinkNetAppEventHandler          
200045df  SimpleLinkSockEventHandler            
20004401  SimpleLinkWlanEventHandler            
2000f2f7  StartResponseLUT                      
2000eab9  SysTickValueGet                       
20017000  TX_BUF                                
20004dfd  TimerBaseIntHandler                   
2000dde9  TimerConfigure                        
2000e647  TimerDisable                          
2000e665  TimerEnable                           
2000ea65  TimerIntClear                         
2000e8eb  TimerIntDisable                       
2000e903  TimerIntEnable                        
2000ce6d  TimerIntRegister                      
2000e683  TimerIntStatus                        
2000d101  TimerIntUnregister                    
2000e435  TimerLoadSet                          
2000e45f  TimerPrescaleSet                      
2000e719  TimerValueGet                         
20009fb3  Timer_IF_DeInit                       
20009fe5  Timer_IF_GetCount                     
20009eed  Timer_IF_Init                         
20009f1f  Timer_IF_IntSetup                     
20009f6b  Timer_IF_InterruptClear               
20009fcd  Timer_IF_ReLoad                       
20009f83  Timer_IF_Start                        
20009fa3  Timer_IF_Stop                         
20008f7d  TrimSpace                             
2000e735  UARTCharGetNonBlocking                
2000e6a1  UARTCharPut                           
2000e91b  UARTCharsAvail                        
2000cd81  UARTConfigSetExpClk                   
2000e28d  UARTDisable                           
2000e4f9  UARTEnable                            
2000eaef  UtilsDelay                            
2000f1a8  _SlAcceptCmdCtrl                      
2000f128  _SlActionLookupTable                  
2000bb81  _SlAsyncEventGenericHandler           
2000f2d0  _SlDeviceGetCmdCtrl                   
2000f2d4  _SlDeviceSetCmdCtrl                   
2000dccd  _SlDrvBasicCmd                        
2000b471  _SlDrvClassifyRxMsg                   
2000c9a1  _SlDrvCmdOp                           
2000cfbd  _SlDrvCmdSend                         
2000a971  _SlDrvDataReadOp                      
2000aa9d  _SlDrvDataWriteOp                     
2000e2bd  _SlDrvDeviceEventHandler              
2000aeb9  _SlDrvDriverCBDeinit                  
2000a195  _SlDrvDriverCBInit                    
2000e9c1  _SlDrvMemZero                         
20007b09  _SlDrvMsgRead                         
2000b945  _SlDrvMsgReadCmdCtx                   
2000bf89  _SlDrvMsgReadSpawnCtx                 
20009925  _SlDrvMsgWrite                        
2000afb9  _SlDrvNetAppEventHandler              
2000e6bf  _SlDrvObjLockWaitForever              
2000e83f  _SlDrvObjUnLock                       
2000da75  _SlDrvProtectAsyncRespSetting         
2000e51d  _SlDrvProtectionObjLockWaitForever    
2000e5e9  _SlDrvProtectionObjUnLock             
20009755  _SlDrvReleasePoolObj                  
2000ea77  _SlDrvResetCmdExt                     
200090d5  _SlDrvRxHdrRead                       
2000dac1  _SlDrvRxIrqHandler                    
2000e859  _SlDrvSyncObjSignal                   
2000e6dd  _SlDrvSyncObjWaitForever              
2000a005  _SlDrvWaitForPoolObj                  
2000f2cc  _SlEventMaskGetCmdCtrl                
2000f2c8  _SlEventMaskSetCmdCtrl                
2000a31d  _SlFindAndSetActiveObj                
2000f208  _SlGetHostByNameCtrl                  
2000f204  _SlGetHostByServiceCtrl               
2000f1fc  _SlGetServiceListeCtrl                
2000f1b4  _SlGetSockOptCmdCtrl                  
2000f1a4  _SlListenCmdCtrl                      
2000f214  _SlNetAppGetCmdCtrl                   
2000f210  _SlNetAppSendTokenValueCmdCtrl        
2000f20c  _SlNetAppSetCmdCtrl                   
2000f1f4  _SlNetAppStartCtrl                    
2000f1f8  _SlNetAppStopCtrl                     
2000f304  _SlNetCfgGetCmdCtrl                   
2000f300  _SlNetCfgSetCmdCtrl                   
2000cedd  _SlNonOsMainLoopTask                  
2000d5bd  _SlNonOsSemGet                        
2000e933  _SlNonOsSemSet                        
2000d619  _SlNonOsSpawn                         
2000f2d8  _SlPayloadByProtocolLUT               
2000f0f0  _SlPolicyGetCmdCtrl                   
2000f0ec  _SlPolicySetCmdCtrl                   
2000f0f8  _SlProfileDelCmdCtrl                  
2000f0f4  _SlProfileGetCmdCtrl                  
2000f1ac  _SlRecvCmdCtrl                        
2000f19c  _SlRecvfomCmdCtrl                     
2000f200  _SlRegisterServiceCtrl                
2000ba05  _SlRemoveFromList                     
2000f100  _SlRxFilterAddtCmdCtrl                
2000f108  _SlRxFilterGetCmdCtrl                 
2000f104  _SlRxFilterSetCmdCtrl                 
2000f1b8  _SlSelectCmdCtrl                      
2000f1a0  _SlSendCmdCtrl                        
2000f1b0  _SlSetSockOptCmdCtrl                  
2000f10c  _SlSmartConfigStartCmdCtrl            
2000f198  _SlSockCloseCmdCtrl                   
2000f194  _SlSockSocketCmdCtrl                  
2000f2c4  _SlStopCmdCtrl                        
2000f118  _SlWlanCfgGetCmdCtrl                  
2000f114  _SlWlanCfgSetCmdCtrl                  
2000f0fc  _SlWlanGetNetworkListCtrl             
2000f110  _SlWlanSetModeCmdCtrl                 
20017968  __CIOBUF_                             
20030000  __STACK_END                           
00000880  __STACK_SIZE                          
00000880  __SYSMEM_SIZE                         
2000f440  __TI_CINIT_Base                       
2000f450  __TI_CINIT_Limit                      
2000f42c  __TI_Handler_Table_Base               
2000f438  __TI_Handler_Table_Limit              
2000d029  __TI_auto_init                        
20009bb9  __TI_cleanup                          
20018744  __TI_cleanup_ptr                      
2000c15d  __TI_closefile                        
2000ea85  __TI_decompress_none                  
2000eaf5  __TI_decompress_rle24                 
2000b87d  __TI_doflush                          
20018748  __TI_dtors_ptr                        
20018708  __TI_ft_end                           
20006483  __TI_printfi                          
2000bd4f  __TI_rd_ok                            
2000d203  __TI_readmsg                          
2000f308  __TI_static_base__                    
20017a88  __TI_tmpnams                          
2000d1d1  __TI_writemsg                         
2000bced  __TI_wrt_ok                           
2000eac5  __TI_zero_init                        
2000c78d  __aeabi_cdcmpeq                       
2000c78d  __aeabi_cdcmple                       
2000c813  __aeabi_cdrcmple                      
2000dd5d  __aeabi_d2f                           
2000dd15  __aeabi_d2iz                          
20009cbf  __aeabi_dadd                          
2000a5d1  __aeabi_ddiv                          
2000b0b7  __aeabi_dmul                          
20009cb5  __aeabi_dsub                          
2000e119  __aeabi_f2d                           
2000c3b9  __aeabi_fdiv                          
2000cb9d  __aeabi_fmul                          
2000e3ad  __aeabi_i2d                           
2000e151  __aeabi_i2f                           
2000cc17  __aeabi_memclr                        
2000cc17  __aeabi_memclr4                       
2000cc17  __aeabi_memclr8                       
2000c025  __aeabi_memcpy                        
2000c025  __aeabi_memcpy4                       
2000c025  __aeabi_memcpy8                       
2000cc19  __aeabi_memset                        
2000cc19  __aeabi_memset4                       
2000cc19  __aeabi_memset8                       
20018714  __aeabi_stderr                        
2001870c  __aeabi_stdin                         
20018710  __aeabi_stdout                        
20009561  __aeabi_uldivmod                      
ffffffff  __binit__                             
ffffffff  __c_args__                            
2002f780  __stack                               
2000e965  _args_main                            
2000e02d  _c_int00                              
2000eb00  _ctypes_                              
20018480  _ftable                               
2001873c  _lock                                 
2000ea37  _nop                                  
2000ea2f  _register_lock                        
2000ea29  _register_unlock                      
2000db0d  _sl_BuildAddress                      
2000e94d  _sl_GetStartResponseConvert           
2000d49d  _sl_HandleAsync_Accept                
2000cc91  _sl_HandleAsync_Connect               
2000c565  _sl_HandleAsync_DnsGetHostByName      
2000b7b5  _sl_HandleAsync_DnsGetHostByService   
2000cb21  _sl_HandleAsync_InitComplete          
2000c5f1  _sl_HandleAsync_PingResponse          
2000d8e5  _sl_HandleAsync_Select                
2000d98d  _sl_HandleAsync_Stop                  
2000d169  _sl_NetAppSendTokenValue              
2000dff1  _sl_TruncatePayloadByProtocol         
20017c00  _sys_memory                           
2000eafb  _system_pre_init                      
20018740  _unlock                               
2000de75  abort                                 
20008da9  add_device                            
2000db59  atoi                                  
2001868e  auth                                  
20017bd8  authkey                               
ffffffff  binit                                 
20006789  blynk_begin                           
20006837  blynk_connect                         
200186f0  blynk_connected                       
200186f1  blynk_connection_available            
20018700  blynk_connection_try                  
200073ab  blynk_custom_delay                    
20006825  blynk_run                             
200186e8  blynk_server_ip                       
20017be0  blynk_time_1ms                        
200073a1  blynk_time_handler                    
200186f8  blynkclient_port                      
20006b41  blynkparam_get                        
20006b21  blynkparam_init                       
200186d8  bytesReceived                         
2000849d  calloc                                
20008d59  close                                 
20004da9  convertHumidity                       
20004dbf  convertTemperature                    
2000dba5  copy_in                               
2000eae7  copysign                              
2000eae7  copysignl                             
20017bf4  currentMsgId                          
20004f0b  delay                                 
20004f3f  delayMicroseconds                     
200074d7  disconnect                            
2001874c  errno                                 
2000de7d  exit                                  
2000c1c3  fclose                                
2000b8c9  fflush                                
200186fa  flag_blynkinit_complete               
20009c0f  fopen                                 
2000c1f5  fputc                                 
2000a83d  fputs                                 
200081eb  free                                  
20009be5  freopen                               
2000d6d1  frexp                                 
2000d6d1  frexpl                                
2000d371  fseek                                 
20018738  gFirstCmdMode                         
2000f168  g_H2NCnysPattern                      
2000f160  g_H2NSyncPattern                      
20018724  g_SpiFd                               
20017800  g_StatMem                             
20017b78  g__SlNonOsCB                          
20017bf9  g_cDummy                              
200186fc  g_iSockID                             
20018730  g_pCB                                 
20018728  g_pHostIntHdl                         
20004000  g_pfnVectors                          
20017bc4  g_ucConnectionBSSID                   
20017ba0  g_ucConnectionSSID                    
2001872c  g_ucDMAEnabled                        
20017b28  g_ucDinDout                           
20017bfa  g_ucLED1Pin                           
20017bfb  g_ucLED2Pin                           
20017bfc  g_ucLED3Pin                           
200186c4  g_uiLED1Port                          
200186c8  g_uiLED2Port                          
200186cc  g_uiLED3Port                          
200186d4  g_ulGatewayIP                         
200186d0  g_ulStatus                            
20007331  getNextMsgId                          
20004d8f  input_mode                            
20007aeb  jsmn_init                             
200077d9  jsmn_parse                            
2000b61d  ldexp                                 
2000b61d  ldexpl                                
20008d35  lseek                                 
2000d839  ltoa                                  
20005437  main                                  
20018754  main_func_sp                          
20008183  malloc                                
200083b9  memalign                              
2000e751  memccpy                               
2000e609  memchr                                
2000c025  memcpy                                
2000e541  memmove                               
2000cc1f  memset                                
20004e0f  micros                                
2000739b  millis                                
200080f5  minit                                 
20017be8  msgbuf                                
20008c87  open                                  
20004d77  output_mode                           
20018734  pPingCallBackFunc                     
20017bec  param_end                             
20017bf0  param_ptr                             
2000cf55  printf                                
20006c8d  processCmd                            
200069bd  processInput                          
200186f4  ptime                                 
20004e39  pulseIn                               
2000c1f5  putc                                  
2000c279  putchar                               
2000a949  puts                                  
20008c63  read                                  
200051a1  readFloatData                         
20006f6b  readHeader                            
20005015  readRawData                           
200082ad  realloc                               
20008bd9  remove                                
20008c3b  remove_device                         
20008bfd  rename                                
2000b61d  scalbn                                
2000b61d  scalbnl                               
20007117  sendCmd                               
20017bf6  server_port                           
2000b395  setvbuf                               
2000e31d  sl_Close                              
2000aba5  sl_Connect                            
2000c0c1  sl_DevGet                             
2000deb5  sl_Htonl                              
2000e069  sl_Htons                              
2000adb5  sl_NetAppDnsGetHostByName             
2000bc39  sl_NetAppMDNSRegisterUnregisterService
2000e1bf  sl_NetAppMDNSUnRegisterService        
2000d239  sl_NetCfgSet                          
2000cdf9  sl_Recv                               
2000acad  sl_Send                               
2000d72d  sl_Socket                             
2000bac5  sl_Start                              
2000b549  sl_Stop                               
2000931d  sl_WlanConnect                        
2000ead1  sl_WlanDisconnect                     
2000d55d  sl_WlanPolicySet                      
2000e34d  sl_WlanProfileDel                     
2000d939  sl_WlanRxFilterSet                    
2000d2a1  sl_WlanSet                            
2000e37d  sl_WlanSetMode                        
2000cd09  spi_Close                             
2000a48d  spi_Open                              
2000b1b5  spi_Read                              
2000c28d  spi_Write                             
2000d4fd  sprintf                               
2000e9d7  strchr                                
2000e97d  strcmp                                
2000ea3d  strcpy                                
2000ea51  strlen                                
2000e2ed  strncpy                               
2000dbf1  uDMAChannelAssign                     
2000d3d5  uDMAChannelAttributeDisable           
2000d439  uDMAChannelAttributeEnable            
2000e0a5  uDMAChannelControlSet                 
2000e76d  uDMAChannelEnable                     
2000b2a5  uDMAChannelTransferSet                
20008bd9  unlink                                
2000d309  virtualRead                           
2000d31f  virtualWrite                          
2000c705  vsnprintf                             
20008b49  write                                 


GLOBAL SYMBOLS: SORTED BY Symbol Address 

address   name                                  
-------   ----                                  
00000880  __STACK_SIZE                          
00000880  __SYSMEM_SIZE                         
20004000  g_pfnVectors                          
20004401  SimpleLinkWlanEventHandler            
20004509  SimpleLinkNetAppEventHandler          
200045a1  SimpleLinkHttpServerCallback          
200045c9  SimpleLinkGeneralEventHandler         
200045df  SimpleLinkSockEventHandler            
20004cdd  ParseJSONData                         
20004d77  output_mode                           
20004d8f  input_mode                            
20004da9  convertHumidity                       
20004dbf  convertTemperature                    
20004dfd  TimerBaseIntHandler                   
20004e0f  micros                                
20004e39  pulseIn                               
20004f0b  delay                                 
20004f3f  delayMicroseconds                     
20005015  readRawData                           
200051a1  readFloatData                         
20005211  POST2dweet_io                         
20005437  main                                  
20006483  __TI_printfi                          
20006789  blynk_begin                           
20006825  blynk_run                             
20006837  blynk_connect                         
200069bd  processInput                          
20006b21  blynkparam_init                       
20006b41  blynkparam_get                        
20006c8d  processCmd                            
20006f6b  readHeader                            
20007117  sendCmd                               
20007331  getNextMsgId                          
20007365  BlynkAverageSample                    
2000739b  millis                                
200073a1  blynk_time_handler                    
200073ab  blynk_custom_delay                    
200074d7  disconnect                            
200077d9  jsmn_parse                            
20007aeb  jsmn_init                             
20007b09  _SlDrvMsgRead                         
200080f5  minit                                 
20008183  malloc                                
200081eb  free                                  
200082ad  realloc                               
200083b9  memalign                              
2000849d  calloc                                
200084d1  GPIO_IF_LedConfigure                  
2000850f  GPIO_IF_LedOn                         
200085c3  GPIO_IF_LedOff                        
20008677  GPIO_IF_LedStatus                     
200086e1  GPIO_IF_LedToggle                     
2000870f  GPIO_IF_GetPortNPin                   
20008755  GPIO_IF_ConfigureNIntEnable           
20008791  GPIO_IF_Set                           
200087cb  GPIO_IF_Get                           
20008825  HOSTwrite                             
20008871  HOSTunlink                            
200088a9  HOSTtime64                            
200088f3  HOSTtime                              
2000892d  HOSTrename                            
2000898b  HOSTread                              
200089d7  HOSTopen                              
20008a29  HOSTlseek                             
20008a85  HOSTgetenv                            
20008ac3  HOSTclose                             
20008afb  HOSTclock                             
20008b49  write                                 
20008bd9  remove                                
20008bd9  unlink                                
20008bfd  rename                                
20008c3b  remove_device                         
20008c63  read                                  
20008c87  open                                  
20008d35  lseek                                 
20008d59  close                                 
20008da9  add_device                            
20008e55  InitTerm                              
20008e73  Message                               
20008e95  ClearTerm                             
20008e9f  Error                                 
20008ed7  GetCmd                                
20008f7d  TrimSpace                             
20009015  Report                                
200090d5  _SlDrvRxHdrRead                       
2000931d  sl_WlanConnect                        
20009561  __aeabi_uldivmod                      
20009755  _SlDrvReleasePoolObj                  
20009925  _SlDrvMsgWrite                        
20009bb9  __TI_cleanup                          
20009be5  freopen                               
20009c0f  fopen                                 
20009cb5  __aeabi_dsub                          
20009cbf  __aeabi_dadd                          
20009eed  Timer_IF_Init                         
20009f1f  Timer_IF_IntSetup                     
20009f6b  Timer_IF_InterruptClear               
20009f83  Timer_IF_Start                        
20009fa3  Timer_IF_Stop                         
20009fb3  Timer_IF_DeInit                       
20009fcd  Timer_IF_ReLoad                       
20009fe5  Timer_IF_GetCount                     
2000a005  _SlDrvWaitForPoolObj                  
2000a195  _SlDrvDriverCBInit                    
2000a31d  _SlFindAndSetActiveObj                
2000a48d  spi_Open                              
2000a5d1  __aeabi_ddiv                          
2000a709  PRCMCC3200MCUInit                     
2000a83d  fputs                                 
2000a949  puts                                  
2000a971  _SlDrvDataReadOp                      
2000aa9d  _SlDrvDataWriteOp                     
2000aba5  sl_Connect                            
2000acad  sl_Send                               
2000adb5  sl_NetAppDnsGetHostByName             
2000aeb9  _SlDrvDriverCBDeinit                  
2000afb9  _SlDrvNetAppEventHandler              
2000b0b7  __aeabi_dmul                          
2000b1b5  spi_Read                              
2000b2a5  uDMAChannelTransferSet                
2000b395  setvbuf                               
2000b471  _SlDrvClassifyRxMsg                   
2000b549  sl_Stop                               
2000b61d  ldexp                                 
2000b61d  ldexpl                                
2000b61d  scalbn                                
2000b61d  scalbnl                               
2000b6ed  BlynkWidgetRead                       
2000b6ed  BlynkWidgetRead0                      
2000b6ed  BlynkWidgetRead1                      
2000b6ed  BlynkWidgetRead10                     
2000b6ed  BlynkWidgetRead11                     
2000b6ed  BlynkWidgetRead12                     
2000b6ed  BlynkWidgetRead13                     
2000b6ed  BlynkWidgetRead14                     
2000b6ed  BlynkWidgetRead15                     
2000b6ed  BlynkWidgetRead16                     
2000b6ed  BlynkWidgetRead17                     
2000b6ed  BlynkWidgetRead18                     
2000b6ed  BlynkWidgetRead19                     
2000b6ed  BlynkWidgetRead2                      
2000b6ed  BlynkWidgetRead20                     
2000b6ed  BlynkWidgetRead21                     
2000b6ed  BlynkWidgetRead22                     
2000b6ed  BlynkWidgetRead23                     
2000b6ed  BlynkWidgetRead24                     
2000b6ed  BlynkWidgetRead25                     
2000b6ed  BlynkWidgetRead26                     
2000b6ed  BlynkWidgetRead27                     
2000b6ed  BlynkWidgetRead28                     
2000b6ed  BlynkWidgetRead29                     
2000b6ed  BlynkWidgetRead3                      
2000b6ed  BlynkWidgetRead30                     
2000b6ed  BlynkWidgetRead31                     
2000b6ed  BlynkWidgetRead4                      
2000b6ed  BlynkWidgetRead5                      
2000b6ed  BlynkWidgetRead6                      
2000b6ed  BlynkWidgetRead7                      
2000b6ed  BlynkWidgetRead8                      
2000b6ed  BlynkWidgetRead9                      
2000b6ed  BlynkWidgetReadDefault                
2000b6ff  BlynkWidgetWrite                      
2000b6ff  BlynkWidgetWrite0                     
2000b6ff  BlynkWidgetWrite1                     
2000b6ff  BlynkWidgetWrite10                    
2000b6ff  BlynkWidgetWrite11                    
2000b6ff  BlynkWidgetWrite12                    
2000b6ff  BlynkWidgetWrite13                    
2000b6ff  BlynkWidgetWrite14                    
2000b6ff  BlynkWidgetWrite15                    
2000b6ff  BlynkWidgetWrite16                    
2000b6ff  BlynkWidgetWrite17                    
2000b6ff  BlynkWidgetWrite18                    
2000b6ff  BlynkWidgetWrite19                    
2000b6ff  BlynkWidgetWrite2                     
2000b6ff  BlynkWidgetWrite20                    
2000b6ff  BlynkWidgetWrite21                    
2000b6ff  BlynkWidgetWrite22                    
2000b6ff  BlynkWidgetWrite23                    
2000b6ff  BlynkWidgetWrite24                    
2000b6ff  BlynkWidgetWrite25                    
2000b6ff  BlynkWidgetWrite26                    
2000b6ff  BlynkWidgetWrite27                    
2000b6ff  BlynkWidgetWrite28                    
2000b6ff  BlynkWidgetWrite29                    
2000b6ff  BlynkWidgetWrite3                     
2000b6ff  BlynkWidgetWrite30                    
2000b6ff  BlynkWidgetWrite31                    
2000b6ff  BlynkWidgetWrite4                     
2000b6ff  BlynkWidgetWrite5                     
2000b6ff  BlynkWidgetWrite6                     
2000b6ff  BlynkWidgetWrite7                     
2000b6ff  BlynkWidgetWrite8                     
2000b6ff  BlynkWidgetWrite9                     
2000b6ff  BlynkWidgetWriteDefault               
2000b71f  GetReadHandler                        
2000b741  GetWriteHandler                       
2000b7b5  _sl_HandleAsync_DnsGetHostByService   
2000b87d  __TI_doflush                          
2000b8c9  fflush                                
2000b945  _SlDrvMsgReadCmdCtx                   
2000ba05  _SlRemoveFromList                     
2000bac5  sl_Start                              
2000bb81  _SlAsyncEventGenericHandler           
2000bc39  sl_NetAppMDNSRegisterUnregisterService
2000bced  __TI_wrt_ok                           
2000bd4f  __TI_rd_ok                            
2000bd99  IntDisable                            
2000be41  IntEnable                             
2000bee9  SPIConfigSetExpClk                    
2000bf89  _SlDrvMsgReadSpawnCtx                 
2000c025  __aeabi_memcpy                        
2000c025  __aeabi_memcpy4                       
2000c025  __aeabi_memcpy8                       
2000c025  memcpy                                
2000c0c1  sl_DevGet                             
2000c15d  __TI_closefile                        
2000c1c3  fclose                                
2000c1f5  fputc                                 
2000c1f5  putc                                  
2000c279  putchar                               
2000c28d  spi_Write                             
2000c325  PRCMPeripheralClockGet                
2000c3b9  __aeabi_fdiv                          
2000c565  _sl_HandleAsync_DnsGetHostByName      
2000c5f1  _sl_HandleAsync_PingResponse          
2000c67d  PinConfigSet                          
2000c705  vsnprintf                             
2000c78d  __aeabi_cdcmpeq                       
2000c78d  __aeabi_cdcmple                       
2000c813  __aeabi_cdrcmple                      
2000c899  NwpPowerOnPreamble                    
2000c91d  GPIOIntTypeSet                        
2000c9a1  _SlDrvCmdOp                           
2000cb21  _sl_HandleAsync_InitComplete          
2000cb9d  __aeabi_fmul                          
2000cc17  __aeabi_memclr                        
2000cc17  __aeabi_memclr4                       
2000cc17  __aeabi_memclr8                       
2000cc19  __aeabi_memset                        
2000cc19  __aeabi_memset4                       
2000cc19  __aeabi_memset8                       
2000cc1f  memset                                
2000cc91  _sl_HandleAsync_Connect               
2000cd09  spi_Close                             
2000cd81  UARTConfigSetExpClk                   
2000cdf9  sl_Recv                               
2000ce6d  TimerIntRegister                      
2000cedd  _SlNonOsMainLoopTask                  
2000cf55  printf                                
2000cfbd  _SlDrvCmdSend                         
2000d029  __TI_auto_init                        
2000d101  TimerIntUnregister                    
2000d169  _sl_NetAppSendTokenValue              
2000d1d1  __TI_writemsg                         
2000d1ff  C$$IO$$                               
2000d203  __TI_readmsg                          
2000d239  sl_NetCfgSet                          
2000d2a1  sl_WlanSet                            
2000d309  virtualRead                           
2000d31f  virtualWrite                          
2000d371  fseek                                 
2000d3d5  uDMAChannelAttributeDisable           
2000d439  uDMAChannelAttributeEnable            
2000d49d  _sl_HandleAsync_Accept                
2000d4fd  sprintf                               
2000d55d  sl_WlanPolicySet                      
2000d5bd  _SlNonOsSemGet                        
2000d619  _SlNonOsSpawn                         
2000d675  PinMuxConfig                          
2000d6d1  frexp                                 
2000d6d1  frexpl                                
2000d72d  sl_Socket                             
2000d789  IntPendClear                          
2000d7e1  PRCMPeripheralReset                   
2000d839  ltoa                                  
2000d891  IntPrioritySet                        
2000d8e5  _sl_HandleAsync_Select                
2000d939  sl_WlanRxFilterSet                    
2000d98d  _sl_HandleAsync_Stop                  
2000d9dd  SPIIntEnable                          
2000da75  _SlDrvProtectAsyncRespSetting         
2000dac1  _SlDrvRxIrqHandler                    
2000db0d  _sl_BuildAddress                      
2000db59  atoi                                  
2000dba5  copy_in                               
2000dbf1  uDMAChannelAssign                     
2000dc85  SPIIntClear                           
2000dccd  _SlDrvBasicCmd                        
2000dd15  __aeabi_d2iz                          
2000dd5d  __aeabi_d2f                           
2000dde9  TimerConfigure                        
2000de71  C$$EXIT                               
2000de75  abort                                 
2000de7d  exit                                  
2000deb5  sl_Htonl                              
2000def9  PinModeSet                            
2000df39  NwpRegisterInterruptHandler           
2000df77  CopyPingResultsToReport               
2000dfb5  PRCMPeripheralClkEnable               
2000dff1  _sl_TruncatePayloadByProtocol         
2000e02d  _c_int00                              
2000e069  sl_Htons                              
2000e0a5  uDMAChannelControlSet                 
2000e0e1  NwpPowerOff                           
2000e119  __aeabi_f2d                           
2000e151  __aeabi_i2f                           
2000e189  GPIODirModeSet                        
2000e1bf  sl_NetAppMDNSUnRegisterService        
2000e1f5  PRCMPeripheralStatusGet               
2000e229  SPIFIFOLevelSet                       
2000e25d  PinTypeGPIO                           
2000e28d  UARTDisable                           
2000e2bd  _SlDrvDeviceEventHandler              
2000e2ed  strncpy                               
2000e31d  sl_Close                              
2000e34d  sl_WlanProfileDel                     
2000e37d  sl_WlanSetMode                        
2000e3ad  __aeabi_i2d                           
2000e3dd  NwpPowerOn                            
2000e409  PRCMSysResetCauseGet                  
2000e435  TimerLoadSet                          
2000e45f  TimerPrescaleSet                      
2000e489  PRCMPeripheralClkDisable              
2000e4b1  DmaSpiSwIntHandler                    
2000e4d5  IntUnregister                         
2000e4f9  UARTEnable                            
2000e51d  _SlDrvProtectionObjLockWaitForever    
2000e541  memmove                               
2000e565  SPIReset                              
2000e587  SPIWordCountSet                       
2000e5a9  GPIOPinWrite                          
2000e5c9  IntRegister                           
2000e5e9  _SlDrvProtectionObjUnLock             
2000e609  memchr                                
2000e629  GPIOIntRegister                       
2000e647  TimerDisable                          
2000e665  TimerEnable                           
2000e683  TimerIntStatus                        
2000e6a1  UARTCharPut                           
2000e6bf  _SlDrvObjLockWaitForever              
2000e6dd  _SlDrvSyncObjWaitForever              
2000e719  TimerValueGet                         
2000e735  UARTCharGetNonBlocking                
2000e751  memccpy                               
2000e76d  uDMAChannelEnable                     
2000e789  GPIOIntEnable                         
2000e7a3  PinTypeUART                           
2000e7bd  SPIDmaDisable                         
2000e7d7  SPIDmaEnable                          
2000e7f1  SPIFIFODisable                        
2000e80b  SPIFIFOEnable                         
2000e825  SPIIntUnregister                      
2000e83f  _SlDrvObjUnLock                       
2000e859  _SlDrvSyncObjSignal                   
2000e873  GPIOPinRead                           
2000e88b  SPICSDisable                          
2000e8a3  SPICSEnable                           
2000e8bb  SPIDisable                            
2000e8d3  SPIEnable                             
2000e8eb  TimerIntDisable                       
2000e903  TimerIntEnable                        
2000e91b  UARTCharsAvail                        
2000e933  _SlNonOsSemSet                        
2000e94d  _sl_GetStartResponseConvert           
2000e965  _args_main                            
2000e97d  strcmp                                
2000e995  PRCMHIBRegRead                        
2000e9ab  PRCMHIBRegWrite                       
2000e9c1  _SlDrvMemZero                         
2000e9d7  strchr                                
2000e9ed  CPUcpsie                              
2000ea01  GPIOIntClear                          
2000ea15  IntVTableBaseSet                      
2000ea29  _register_unlock                      
2000ea2f  _register_lock                        
2000ea37  _nop                                  
2000ea3d  strcpy                                
2000ea51  strlen                                
2000ea65  TimerIntClear                         
2000ea77  _SlDrvResetCmdExt                     
2000ea85  __TI_decompress_none                  
2000ea93  ResetISR                              
2000eaa1  NwpMaskInterrupt                      
2000eaad  NwpUnMaskInterrupt                    
2000eab9  SysTickValueGet                       
2000eac5  __TI_zero_init                        
2000ead1  sl_WlanDisconnect                     
2000eadd  IntMasterEnable                       
2000eae7  copysign                              
2000eae7  copysignl                             
2000eaef  UtilsDelay                            
2000eaf5  __TI_decompress_rle24                 
2000eafb  _system_pre_init                      
2000eb00  _ctypes_                              
2000f0b0  OpcodeTranslateTable                  
2000f0ec  _SlPolicySetCmdCtrl                   
2000f0f0  _SlPolicyGetCmdCtrl                   
2000f0f4  _SlProfileGetCmdCtrl                  
2000f0f8  _SlProfileDelCmdCtrl                  
2000f0fc  _SlWlanGetNetworkListCtrl             
2000f100  _SlRxFilterAddtCmdCtrl                
2000f104  _SlRxFilterSetCmdCtrl                 
2000f108  _SlRxFilterGetCmdCtrl                 
2000f10c  _SlSmartConfigStartCmdCtrl            
2000f110  _SlWlanSetModeCmdCtrl                 
2000f114  _SlWlanCfgSetCmdCtrl                  
2000f118  _SlWlanCfgGetCmdCtrl                  
2000f128  _SlActionLookupTable                  
2000f160  g_H2NSyncPattern                      
2000f168  g_H2NCnysPattern                      
2000f170  RxMsgClassLUT                         
2000f194  _SlSockSocketCmdCtrl                  
2000f198  _SlSockCloseCmdCtrl                   
2000f19c  _SlRecvfomCmdCtrl                     
2000f1a0  _SlSendCmdCtrl                        
2000f1a4  _SlListenCmdCtrl                      
2000f1a8  _SlAcceptCmdCtrl                      
2000f1ac  _SlRecvCmdCtrl                        
2000f1b0  _SlSetSockOptCmdCtrl                  
2000f1b4  _SlGetSockOptCmdCtrl                  
2000f1b8  _SlSelectCmdCtrl                      
2000f1f4  _SlNetAppStartCtrl                    
2000f1f8  _SlNetAppStopCtrl                     
2000f1fc  _SlGetServiceListeCtrl                
2000f200  _SlRegisterServiceCtrl                
2000f204  _SlGetHostByServiceCtrl               
2000f208  _SlGetHostByNameCtrl                  
2000f20c  _SlNetAppSetCmdCtrl                   
2000f210  _SlNetAppSendTokenValueCmdCtrl        
2000f214  _SlNetAppGetCmdCtrl                   
2000f2c4  _SlStopCmdCtrl                        
2000f2c8  _SlEventMaskSetCmdCtrl                
2000f2cc  _SlEventMaskGetCmdCtrl                
2000f2d0  _SlDeviceGetCmdCtrl                   
2000f2d4  _SlDeviceSetCmdCtrl                   
2000f2d8  _SlPayloadByProtocolLUT               
2000f2f7  StartResponseLUT                      
2000f300  _SlNetCfgSetCmdCtrl                   
2000f304  _SlNetCfgGetCmdCtrl                   
2000f308  __TI_static_base__                    
2000f42c  __TI_Handler_Table_Base               
2000f438  __TI_Handler_Table_Limit              
2000f440  __TI_CINIT_Base                       
2000f450  __TI_CINIT_Limit                      
20017000  TX_BUF                                
20017800  g_StatMem                             
20017968  __CIOBUF_                             
20017a88  __TI_tmpnams                          
20017b28  g_ucDinDout                           
20017b78  g__SlNonOsCB                          
20017ba0  g_ucConnectionSSID                    
20017bc4  g_ucConnectionBSSID                   
20017bd8  authkey                               
20017be0  blynk_time_1ms                        
20017be8  msgbuf                                
20017bec  param_end                             
20017bf0  param_ptr                             
20017bf4  currentMsgId                          
20017bf6  server_port                           
20017bf8  RxIrqCnt                              
20017bf9  g_cDummy                              
20017bfa  g_ucLED1Pin                           
20017bfb  g_ucLED2Pin                           
20017bfc  g_ucLED3Pin                           
20017c00  _sys_memory                           
20018480  _ftable                               
2001868e  auth                                  
200186c4  g_uiLED1Port                          
200186c8  g_uiLED2Port                          
200186cc  g_uiLED3Port                          
200186d0  g_ulStatus                            
200186d4  g_ulGatewayIP                         
200186d8  bytesReceived                         
200186e8  blynk_server_ip                       
200186f0  blynk_connected                       
200186f1  blynk_connection_available            
200186f4  ptime                                 
200186f8  blynkclient_port                      
200186fa  flag_blynkinit_complete               
200186fc  g_iSockID                             
20018700  blynk_connection_try                  
20018708  __TI_ft_end                           
2001870c  __aeabi_stdin                         
20018710  __aeabi_stdout                        
20018714  __aeabi_stderr                        
20018724  g_SpiFd                               
20018728  g_pHostIntHdl                         
2001872c  g_ucDMAEnabled                        
20018730  g_pCB                                 
20018734  pPingCallBackFunc                     
20018738  gFirstCmdMode                         
2001873c  _lock                                 
20018740  _unlock                               
20018744  __TI_cleanup_ptr                      
20018748  __TI_dtors_ptr                        
2001874c  errno                                 
20018754  main_func_sp                          
2002f780  __stack                               
20030000  __STACK_END                           
ffffffff  __binit__                             
ffffffff  __c_args__                            
ffffffff  binit                                 
UNDEFED   SHT$$INIT_ARRAY$$Base                 
UNDEFED   SHT$$INIT_ARRAY$$Limit                

[505 symbols]
